Archive member included because of file (symbol)

c:/siliconlabs/simplicitystudio/v3/developer/toolchains/gnu_arm/4.8_2013q4/bin/../lib/gcc/arm-none-eabi/4.8.3/armv7-m\libgcc.a(_aeabi_uldivmod.o)
                              ./emlib/em_usart.o (__aeabi_uldivmod)
c:/siliconlabs/simplicitystudio/v3/developer/toolchains/gnu_arm/4.8_2013q4/bin/../lib/gcc/arm-none-eabi/4.8.3/armv7-m\libgcc.a(bpabi.o)
                              c:/siliconlabs/simplicitystudio/v3/developer/toolchains/gnu_arm/4.8_2013q4/bin/../lib/gcc/arm-none-eabi/4.8.3/armv7-m\libgcc.a(_aeabi_uldivmod.o) (__gnu_uldivmod_helper)
c:/siliconlabs/simplicitystudio/v3/developer/toolchains/gnu_arm/4.8_2013q4/bin/../lib/gcc/arm-none-eabi/4.8.3/armv7-m\libgcc.a(_dvmd_tls.o)
                              c:/siliconlabs/simplicitystudio/v3/developer/toolchains/gnu_arm/4.8_2013q4/bin/../lib/gcc/arm-none-eabi/4.8.3/armv7-m\libgcc.a(_aeabi_uldivmod.o) (__aeabi_ldiv0)
c:/siliconlabs/simplicitystudio/v3/developer/toolchains/gnu_arm/4.8_2013q4/bin/../lib/gcc/arm-none-eabi/4.8.3/armv7-m\libgcc.a(_divdi3.o)
                              c:/siliconlabs/simplicitystudio/v3/developer/toolchains/gnu_arm/4.8_2013q4/bin/../lib/gcc/arm-none-eabi/4.8.3/armv7-m\libgcc.a(bpabi.o) (__divdi3)
c:/siliconlabs/simplicitystudio/v3/developer/toolchains/gnu_arm/4.8_2013q4/bin/../lib/gcc/arm-none-eabi/4.8.3/armv7-m\libgcc.a(_udivdi3.o)
                              c:/siliconlabs/simplicitystudio/v3/developer/toolchains/gnu_arm/4.8_2013q4/bin/../lib/gcc/arm-none-eabi/4.8.3/armv7-m\libgcc.a(bpabi.o) (__udivdi3)
c:/siliconlabs/simplicitystudio/v3/developer/toolchains/gnu_arm/4.8_2013q4/bin/../lib/gcc/arm-none-eabi/4.8.3/../../../../arm-none-eabi/lib/armv7-m\libc_s.a(lib_a-exit.o)
                              c:/siliconlabs/simplicitystudio/v3/developer/toolchains/gnu_arm/4.8_2013q4/bin/../lib/gcc/arm-none-eabi/4.8.3/../../../../arm-none-eabi/lib/armv7-m/crt0.o (exit)
c:/siliconlabs/simplicitystudio/v3/developer/toolchains/gnu_arm/4.8_2013q4/bin/../lib/gcc/arm-none-eabi/4.8.3/../../../../arm-none-eabi/lib/armv7-m\libc_s.a(lib_a-impure.o)
                              c:/siliconlabs/simplicitystudio/v3/developer/toolchains/gnu_arm/4.8_2013q4/bin/../lib/gcc/arm-none-eabi/4.8.3/../../../../arm-none-eabi/lib/armv7-m\libc_s.a(lib_a-exit.o) (_global_impure_ptr)
c:/siliconlabs/simplicitystudio/v3/developer/toolchains/gnu_arm/4.8_2013q4/bin/../lib/gcc/arm-none-eabi/4.8.3/../../../../arm-none-eabi/lib/armv7-m\libc_s.a(lib_a-init.o)
                              c:/siliconlabs/simplicitystudio/v3/developer/toolchains/gnu_arm/4.8_2013q4/bin/../lib/gcc/arm-none-eabi/4.8.3/../../../../arm-none-eabi/lib/armv7-m/crt0.o (__libc_init_array)
c:/siliconlabs/simplicitystudio/v3/developer/toolchains/gnu_arm/4.8_2013q4/bin/../lib/gcc/arm-none-eabi/4.8.3/../../../../arm-none-eabi/lib/armv7-m\libc_s.a(lib_a-memset.o)
                              c:/siliconlabs/simplicitystudio/v3/developer/toolchains/gnu_arm/4.8_2013q4/bin/../lib/gcc/arm-none-eabi/4.8.3/../../../../arm-none-eabi/lib/armv7-m/crt0.o (memset)
c:/siliconlabs/simplicitystudio/v3/developer/toolchains/gnu_arm/4.8_2013q4/bin/../lib/gcc/arm-none-eabi/4.8.3/../../../../arm-none-eabi/lib/armv7-m\libnosys.a(_exit.o)
                              c:/siliconlabs/simplicitystudio/v3/developer/toolchains/gnu_arm/4.8_2013q4/bin/../lib/gcc/arm-none-eabi/4.8.3/../../../../arm-none-eabi/lib/armv7-m\libc_s.a(lib_a-exit.o) (_exit)

Allocating common symbols
Common symbol       size              file

SystemCoreClock     0x4               ./CMSIS/efm32lg/system_efm32lg.o

Discarded input sections

 .text          0x00000000        0x0 c:/siliconlabs/simplicitystudio/v3/developer/toolchains/gnu_arm/4.8_2013q4/bin/../lib/gcc/arm-none-eabi/4.8.3/armv7-m/crti.o
 .data          0x00000000        0x0 c:/siliconlabs/simplicitystudio/v3/developer/toolchains/gnu_arm/4.8_2013q4/bin/../lib/gcc/arm-none-eabi/4.8.3/armv7-m/crti.o
 .bss           0x00000000        0x0 c:/siliconlabs/simplicitystudio/v3/developer/toolchains/gnu_arm/4.8_2013q4/bin/../lib/gcc/arm-none-eabi/4.8.3/armv7-m/crti.o
 .data          0x00000000        0x4 c:/siliconlabs/simplicitystudio/v3/developer/toolchains/gnu_arm/4.8_2013q4/bin/../lib/gcc/arm-none-eabi/4.8.3/armv7-m/crtbegin.o
 .data          0x00000000        0x0 c:/siliconlabs/simplicitystudio/v3/developer/toolchains/gnu_arm/4.8_2013q4/bin/../lib/gcc/arm-none-eabi/4.8.3/../../../../arm-none-eabi/lib/armv7-m/crt0.o
 .bss           0x00000000        0x0 c:/siliconlabs/simplicitystudio/v3/developer/toolchains/gnu_arm/4.8_2013q4/bin/../lib/gcc/arm-none-eabi/4.8.3/../../../../arm-none-eabi/lib/armv7-m/crt0.o
 .ARM.extab     0x00000000        0x0 c:/siliconlabs/simplicitystudio/v3/developer/toolchains/gnu_arm/4.8_2013q4/bin/../lib/gcc/arm-none-eabi/4.8.3/../../../../arm-none-eabi/lib/armv7-m/crt0.o
 .text          0x00000000        0x0 ./src/InitDevice.o
 .data          0x00000000        0x0 ./src/InitDevice.o
 .bss           0x00000000        0x0 ./src/InitDevice.o
 .text.CHIP_Init
                0x00000000       0x40 ./src/InitDevice.o
 .text.enter_DefaultMode_from_RESET
                0x00000000       0x14 ./src/InitDevice.o
 .text.HFXO_enter_DefaultMode_from_RESET
                0x00000000        0xc ./src/InitDevice.o
 .text.LFXO_enter_DefaultMode_from_RESET
                0x00000000        0xc ./src/InitDevice.o
 .text.CMU_enter_DefaultMode_from_RESET
                0x00000000       0x28 ./src/InitDevice.o
 .text.ADC0_enter_DefaultMode_from_RESET
                0x00000000        0xc ./src/InitDevice.o
 .text.ACMP0_enter_DefaultMode_from_RESET
                0x00000000        0xc ./src/InitDevice.o
 .text.ACMP1_enter_DefaultMode_from_RESET
                0x00000000        0xc ./src/InitDevice.o
 .text.DAC0_enter_DefaultMode_from_RESET
                0x00000000        0xc ./src/InitDevice.o
 .text.BURTC_enter_DefaultMode_from_RESET
                0x00000000        0xc ./src/InitDevice.o
 .text.RTC_enter_DefaultMode_from_RESET
                0x00000000        0xc ./src/InitDevice.o
 .text.OPAMP0_enter_DefaultMode_from_RESET
                0x00000000        0xc ./src/InitDevice.o
 .text.OPAMP1_enter_DefaultMode_from_RESET
                0x00000000        0xc ./src/InitDevice.o
 .text.OPAMP2_enter_DefaultMode_from_RESET
                0x00000000        0xc ./src/InitDevice.o
 .text.USART0_enter_DefaultMode_from_RESET
                0x00000000        0xc ./src/InitDevice.o
 .text.USART1_enter_DefaultMode_from_RESET
                0x00000000        0xc ./src/InitDevice.o
 .text.USART2_enter_DefaultMode_from_RESET
                0x00000000        0xc ./src/InitDevice.o
 .text.UART0_enter_DefaultMode_from_RESET
                0x00000000        0xc ./src/InitDevice.o
 .text.UART1_enter_DefaultMode_from_RESET
                0x00000000        0xc ./src/InitDevice.o
 .text.LEUART0_enter_DefaultMode_from_RESET
                0x00000000        0xc ./src/InitDevice.o
 .text.LEUART1_enter_DefaultMode_from_RESET
                0x00000000        0xc ./src/InitDevice.o
 .text.VCMP_enter_DefaultMode_from_RESET
                0x00000000        0xc ./src/InitDevice.o
 .text.WDOG_enter_DefaultMode_from_RESET
                0x00000000        0xc ./src/InitDevice.o
 .text.I2C0_enter_DefaultMode_from_RESET
                0x00000000        0xc ./src/InitDevice.o
 .text.I2C1_enter_DefaultMode_from_RESET
                0x00000000        0xc ./src/InitDevice.o
 .text.LCD_enter_DefaultMode_from_RESET
                0x00000000        0xc ./src/InitDevice.o
 .text.TIMER0_enter_DefaultMode_from_RESET
                0x00000000        0xc ./src/InitDevice.o
 .text.TIMER1_enter_DefaultMode_from_RESET
                0x00000000        0xc ./src/InitDevice.o
 .text.TIMER2_enter_DefaultMode_from_RESET
                0x00000000        0xc ./src/InitDevice.o
 .text.TIMER3_enter_DefaultMode_from_RESET
                0x00000000        0xc ./src/InitDevice.o
 .text.LETIMER0_enter_DefaultMode_from_RESET
                0x00000000        0xc ./src/InitDevice.o
 .text.PCNT0_enter_DefaultMode_from_RESET
                0x00000000        0xc ./src/InitDevice.o
 .text.PCNT1_enter_DefaultMode_from_RESET
                0x00000000        0xc ./src/InitDevice.o
 .text.PCNT2_enter_DefaultMode_from_RESET
                0x00000000        0xc ./src/InitDevice.o
 .text.PRS_enter_DefaultMode_from_RESET
                0x00000000        0xc ./src/InitDevice.o
 .text.ETM_enter_DefaultMode_from_RESET
                0x00000000        0xc ./src/InitDevice.o
 .text.EBI_enter_DefaultMode_from_RESET
                0x00000000        0xc ./src/InitDevice.o
 .text.PORTIO_enter_DefaultMode_from_RESET
                0x00000000        0xc ./src/InitDevice.o
 .debug_info    0x00000000      0x60c ./src/InitDevice.o
 .debug_abbrev  0x00000000      0x10e ./src/InitDevice.o
 .debug_loc     0x00000000      0x694 ./src/InitDevice.o
 .debug_aranges
                0x00000000      0x148 ./src/InitDevice.o
 .debug_ranges  0x00000000      0x138 ./src/InitDevice.o
 .debug_line    0x00000000      0x469 ./src/InitDevice.o
 .debug_str     0x00000000      0xa2e ./src/InitDevice.o
 .comment       0x00000000       0x71 ./src/InitDevice.o
 .ARM.attributes
                0x00000000       0x33 ./src/InitDevice.o
 .debug_frame   0x00000000      0x3b0 ./src/InitDevice.o
 .text          0x00000000        0x0 ./src/main.o
 .data          0x00000000        0x0 ./src/main.o
 .bss           0x00000000        0x0 ./src/main.o
 .text          0x00000000        0x0 ./emlib/em_acmp.o
 .data          0x00000000        0x0 ./emlib/em_acmp.o
 .bss           0x00000000        0x0 ./emlib/em_acmp.o
 .text.BUS_RegBitWrite
                0x00000000       0x2c ./emlib/em_acmp.o
 .text.BUS_RegMaskedWrite
                0x00000000       0x28 ./emlib/em_acmp.o
 .text.ACMP_CapsenseInit
                0x00000000       0x8c ./emlib/em_acmp.o
 .text.ACMP_CapsenseChannelSet
                0x00000000       0x3c ./emlib/em_acmp.o
 .text.ACMP_Disable
                0x00000000       0x38 ./emlib/em_acmp.o
 .text.ACMP_Enable
                0x00000000       0x38 ./emlib/em_acmp.o
 .text.ACMP_Reset
                0x00000000       0x4c ./emlib/em_acmp.o
 .text.ACMP_GPIOSetup
                0x00000000       0x4c ./emlib/em_acmp.o
 .text.ACMP_ChannelSet
                0x00000000       0x4c ./emlib/em_acmp.o
 .text.ACMP_Init
                0x00000000       0xa0 ./emlib/em_acmp.o
 .debug_info    0x00000000      0x62a ./emlib/em_acmp.o
 .debug_abbrev  0x00000000      0x1bb ./emlib/em_acmp.o
 .debug_loc     0x00000000      0x230 ./emlib/em_acmp.o
 .debug_aranges
                0x00000000       0x68 ./emlib/em_acmp.o
 .debug_ranges  0x00000000       0x58 ./emlib/em_acmp.o
 .debug_line    0x00000000      0x32e ./emlib/em_acmp.o
 .debug_str     0x00000000      0x642 ./emlib/em_acmp.o
 .comment       0x00000000       0x71 ./emlib/em_acmp.o
 .ARM.attributes
                0x00000000       0x33 ./emlib/em_acmp.o
 .debug_frame   0x00000000      0x138 ./emlib/em_acmp.o
 .text          0x00000000        0x0 ./emlib/em_adc.o
 .data          0x00000000        0x0 ./emlib/em_adc.o
 .bss           0x00000000        0x0 ./emlib/em_adc.o
 .text.ADC_LoadDevinfoCal
                0x00000000      0x120 ./emlib/em_adc.o
 .text.ADC_Init
                0x00000000       0x88 ./emlib/em_adc.o
 .text.ADC_InitScan
                0x00000000       0xa0 ./emlib/em_adc.o
 .text.ADC_InitSingle
                0x00000000       0x98 ./emlib/em_adc.o
 .text.ADC_PrescaleCalc
                0x00000000       0x64 ./emlib/em_adc.o
 .text.ADC_Reset
                0x00000000       0x54 ./emlib/em_adc.o
 .text.ADC_TimebaseCalc
                0x00000000       0x60 ./emlib/em_adc.o
 .debug_info    0x00000000      0xa70 ./emlib/em_adc.o
 .debug_abbrev  0x00000000      0x1b0 ./emlib/em_adc.o
 .debug_loc     0x00000000      0x188 ./emlib/em_adc.o
 .debug_aranges
                0x00000000       0x50 ./emlib/em_adc.o
 .debug_ranges  0x00000000       0x40 ./emlib/em_adc.o
 .debug_line    0x00000000      0x2ec ./emlib/em_adc.o
 .debug_str     0x00000000      0xbba ./emlib/em_adc.o
 .comment       0x00000000       0x71 ./emlib/em_adc.o
 .ARM.attributes
                0x00000000       0x33 ./emlib/em_adc.o
 .debug_frame   0x00000000       0xec ./emlib/em_adc.o
 .text          0x00000000        0x0 ./emlib/em_aes.o
 .data          0x00000000        0x0 ./emlib/em_aes.o
 .bss           0x00000000        0x0 ./emlib/em_aes.o
 .text.AES_IntClear
                0x00000000       0x1c ./emlib/em_aes.o
 .text.AES_CBC128
                0x00000000      0x1ec ./emlib/em_aes.o
 .text.AES_CBC256
                0x00000000      0x224 ./emlib/em_aes.o
 .text.AES_CFB128
                0x00000000      0x120 ./emlib/em_aes.o
 .text.AES_CFB256
                0x00000000      0x12c ./emlib/em_aes.o
 .text.AES_CTR128
                0x00000000       0xe8 ./emlib/em_aes.o
 .text.AES_CTR256
                0x00000000       0xec ./emlib/em_aes.o
 .text.AES_CTRUpdate32Bit
                0x00000000       0x30 ./emlib/em_aes.o
 .text.AES_DecryptKey128
                0x00000000       0x88 ./emlib/em_aes.o
 .text.AES_DecryptKey256
                0x00000000       0xc4 ./emlib/em_aes.o
 .text.AES_ECB128
                0x00000000       0xdc ./emlib/em_aes.o
 .text.AES_ECB256
                0x00000000       0xe8 ./emlib/em_aes.o
 .text.AES_OFB128
                0x00000000       0xd4 ./emlib/em_aes.o
 .text.AES_OFB256
                0x00000000      0x104 ./emlib/em_aes.o
 .debug_info    0x00000000     0x10f8 ./emlib/em_aes.o
 .debug_abbrev  0x00000000      0x1e6 ./emlib/em_aes.o
 .debug_loc     0x00000000      0x31e ./emlib/em_aes.o
 .debug_aranges
                0x00000000       0x88 ./emlib/em_aes.o
 .debug_ranges  0x00000000       0x78 ./emlib/em_aes.o
 .debug_line    0x00000000      0xb81 ./emlib/em_aes.o
 .debug_str     0x00000000      0x34a ./emlib/em_aes.o
 .comment       0x00000000       0x71 ./emlib/em_aes.o
 .ARM.attributes
                0x00000000       0x33 ./emlib/em_aes.o
 .debug_frame   0x00000000      0x1a4 ./emlib/em_aes.o
 .text          0x00000000        0x0 ./emlib/em_assert.o
 .data          0x00000000        0x0 ./emlib/em_assert.o
 .bss           0x00000000        0x0 ./emlib/em_assert.o
 .debug_line    0x00000000        0x0 ./emlib/em_assert.o
 .debug_str     0x00000000        0x0 ./emlib/em_assert.o
 .comment       0x00000000       0x71 ./emlib/em_assert.o
 .ARM.attributes
                0x00000000       0x33 ./emlib/em_assert.o
 .text          0x00000000        0x0 ./emlib/em_burtc.o
 .data          0x00000000        0x0 ./emlib/em_burtc.o
 .bss           0x00000000        0x0 ./emlib/em_burtc.o
 .text.BUS_RegBitWrite
                0x00000000       0x2c ./emlib/em_burtc.o
 .text.BUS_RegBitRead
                0x00000000       0x2c ./emlib/em_burtc.o
 .text.BURTC_IntClear
                0x00000000       0x1c ./emlib/em_burtc.o
 .text.BURTC_Enable
                0x00000000       0x50 ./emlib/em_burtc.o
 .text.BURTC_FreezeEnable
                0x00000000       0x20 ./emlib/em_burtc.o
 .text.divToLog2
                0x00000000       0x34 ./emlib/em_burtc.o
 .text.regSync  0x00000000       0x40 ./emlib/em_burtc.o
 .text.BURTC_Init
                0x00000000       0xe8 ./emlib/em_burtc.o
 .text.BURTC_CompareSet
                0x00000000       0x20 ./emlib/em_burtc.o
 .text.BURTC_CompareGet
                0x00000000       0x1c ./emlib/em_burtc.o
 .text.BURTC_CounterReset
                0x00000000       0x20 ./emlib/em_burtc.o
 .text.BURTC_Reset
                0x00000000       0x3c ./emlib/em_burtc.o
 .text.BURTC_ClockFreqGet
                0x00000000       0x7c ./emlib/em_burtc.o
 .debug_info    0x00000000      0x617 ./emlib/em_burtc.o
 .debug_abbrev  0x00000000      0x1da ./emlib/em_burtc.o
 .debug_loc     0x00000000      0x2cc ./emlib/em_burtc.o
 .debug_aranges
                0x00000000       0x80 ./emlib/em_burtc.o
 .debug_ranges  0x00000000       0x70 ./emlib/em_burtc.o
 .debug_line    0x00000000      0x365 ./emlib/em_burtc.o
 .debug_str     0x00000000      0x4b1 ./emlib/em_burtc.o
 .comment       0x00000000       0x71 ./emlib/em_burtc.o
 .ARM.attributes
                0x00000000       0x33 ./emlib/em_burtc.o
 .debug_frame   0x00000000      0x194 ./emlib/em_burtc.o
 .text          0x00000000        0x0 ./emlib/em_cmu.o
 .data          0x00000000        0x0 ./emlib/em_cmu.o
 .bss           0x00000000        0x0 ./emlib/em_cmu.o
 .text.BUS_RegMaskedWrite
                0x00000000       0x28 ./emlib/em_cmu.o
 .text.CMU_Log2ToDiv
                0x00000000       0x1c ./emlib/em_cmu.o
 .text.CMU_AUXHFRCOBandGet
                0x00000000       0x20 ./emlib/em_cmu.o
 .text.CMU_AUXHFRCOBandSet
                0x00000000       0xb0 ./emlib/em_cmu.o
 .text.CMU_Calibrate
                0x00000000       0x88 ./emlib/em_cmu.o
 .text.CMU_CalibrateConfig
                0x00000000       0xd8 ./emlib/em_cmu.o
 .text.CMU_CalibrateCountGet
                0x00000000       0x38 ./emlib/em_cmu.o
 .text.CMU_ClockDivGet
                0x00000000      0x174 ./emlib/em_cmu.o
 .text.CMU_ClockDivSet
                0x00000000      0x230 ./emlib/em_cmu.o
 .text.CMU_FreezeEnable
                0x00000000       0x38 ./emlib/em_cmu.o
 .text.CMU_HFRCOBandGet
                0x00000000       0x20 ./emlib/em_cmu.o
 .text.CMU_HFRCOBandSet
                0x00000000       0xe4 ./emlib/em_cmu.o
 .text.CMU_HFRCOStartupDelayGet
                0x00000000       0x1c ./emlib/em_cmu.o
 .text.CMU_HFRCOStartupDelaySet
                0x00000000       0x30 ./emlib/em_cmu.o
 .text.CMU_HFXOInit
                0x00000000       0x54 ./emlib/em_cmu.o
 .text.CMU_LCDClkFDIVGet
                0x00000000       0x1c ./emlib/em_cmu.o
 .text.CMU_LCDClkFDIVSet
                0x00000000       0x3c ./emlib/em_cmu.o
 .text.CMU_LFXOInit
                0x00000000       0x58 ./emlib/em_cmu.o
 .text.CMU_OscillatorTuningGet
                0x00000000       0x50 ./emlib/em_cmu.o
 .text.CMU_OscillatorTuningSet
                0x00000000       0x74 ./emlib/em_cmu.o
 .text.CMU_PCNTClockExternalGet
                0x00000000       0x60 ./emlib/em_cmu.o
 .text.CMU_PCNTClockExternalSet
                0x00000000       0x34 ./emlib/em_cmu.o
 .text          0x00000000        0x0 ./emlib/em_cryotimer.o
 .data          0x00000000        0x0 ./emlib/em_cryotimer.o
 .bss           0x00000000        0x0 ./emlib/em_cryotimer.o
 .debug_info    0x00000000       0x89 ./emlib/em_cryotimer.o
 .debug_abbrev  0x00000000       0x4b ./emlib/em_cryotimer.o
 .debug_aranges
                0x00000000       0x18 ./emlib/em_cryotimer.o
 .debug_line    0x00000000       0xe1 ./emlib/em_cryotimer.o
 .debug_str     0x00000000      0x1d6 ./emlib/em_cryotimer.o
 .comment       0x00000000       0x71 ./emlib/em_cryotimer.o
 .ARM.attributes
                0x00000000       0x33 ./emlib/em_cryotimer.o
 .text          0x00000000        0x0 ./emlib/em_crypto.o
 .data          0x00000000        0x0 ./emlib/em_crypto.o
 .bss           0x00000000        0x0 ./emlib/em_crypto.o
 .debug_info    0x00000000       0x89 ./emlib/em_crypto.o
 .debug_abbrev  0x00000000       0x4b ./emlib/em_crypto.o
 .debug_aranges
                0x00000000       0x18 ./emlib/em_crypto.o
 .debug_line    0x00000000       0xe1 ./emlib/em_crypto.o
 .debug_str     0x00000000      0x1d3 ./emlib/em_crypto.o
 .comment       0x00000000       0x71 ./emlib/em_crypto.o
 .ARM.attributes
                0x00000000       0x33 ./emlib/em_crypto.o
 .text          0x00000000        0x0 ./emlib/em_dac.o
 .data          0x00000000        0x0 ./emlib/em_dac.o
 .bss           0x00000000        0x0 ./emlib/em_dac.o
 .text.DAC_Channel0OutputSet
                0x00000000       0x1c ./emlib/em_dac.o
 .text.DAC_Channel1OutputSet
                0x00000000       0x1c ./emlib/em_dac.o
 .text.BUS_RegBitWrite
                0x00000000       0x2c ./emlib/em_dac.o
 .text.DAC_Enable
                0x00000000       0x34 ./emlib/em_dac.o
 .text.DAC_Init
                0x00000000       0xd0 ./emlib/em_dac.o
 .text.DAC_InitChannel
                0x00000000       0x64 ./emlib/em_dac.o
 .text.DAC_ChannelOutputSet
                0x00000000       0x34 ./emlib/em_dac.o
 .text.DAC_PrescaleCalc
                0x00000000       0x64 ./emlib/em_dac.o
 .text.DAC_Reset
                0x00000000       0x44 ./emlib/em_dac.o
 .debug_info    0x00000000      0x8dd ./emlib/em_dac.o
 .debug_abbrev  0x00000000      0x1b7 ./emlib/em_dac.o
 .debug_loc     0x00000000      0x1f8 ./emlib/em_dac.o
 .debug_aranges
                0x00000000       0x60 ./emlib/em_dac.o
 .debug_ranges  0x00000000       0x50 ./emlib/em_dac.o
 .debug_line    0x00000000      0x2da ./emlib/em_dac.o
 .debug_str     0x00000000      0x898 ./emlib/em_dac.o
 .comment       0x00000000       0x71 ./emlib/em_dac.o
 .ARM.attributes
                0x00000000       0x33 ./emlib/em_dac.o
 .debug_frame   0x00000000      0x11c ./emlib/em_dac.o
 .text          0x00000000        0x0 ./emlib/em_dbg.o
 .data          0x00000000        0x0 ./emlib/em_dbg.o
 .bss           0x00000000        0x0 ./emlib/em_dbg.o
 .text.BUS_RegBitWrite
                0x00000000       0x2c ./emlib/em_dbg.o
 .text.GPIO_DbgSWOEnable
                0x00000000       0x20 ./emlib/em_dbg.o
 .text.DBG_SWOEnable
                0x00000000       0xa0 ./emlib/em_dbg.o
 .debug_info    0x00000000      0x41a ./emlib/em_dbg.o
 .debug_abbrev  0x00000000      0x170 ./emlib/em_dbg.o
 .debug_loc     0x00000000       0xa8 ./emlib/em_dbg.o
 .debug_aranges
                0x00000000       0x30 ./emlib/em_dbg.o
 .debug_ranges  0x00000000       0x20 ./emlib/em_dbg.o
 .debug_line    0x00000000      0x25a ./emlib/em_dbg.o
 .debug_str     0x00000000      0x4e7 ./emlib/em_dbg.o
 .comment       0x00000000       0x71 ./emlib/em_dbg.o
 .ARM.attributes
                0x00000000       0x33 ./emlib/em_dbg.o
 .debug_frame   0x00000000       0x6c ./emlib/em_dbg.o
 .text          0x00000000        0x0 ./emlib/em_dma.o
 .data          0x00000000        0x0 ./emlib/em_dma.o
 .bss           0x00000000        0x0 ./emlib/em_dma.o
 .text.NVIC_EnableIRQ
                0x00000000       0x30 ./emlib/em_dma.o
 .text.NVIC_DisableIRQ
                0x00000000       0x34 ./emlib/em_dma.o
 .text.NVIC_ClearPendingIRQ
                0x00000000       0x34 ./emlib/em_dma.o
 .text.BUS_RegBitWrite
                0x00000000       0x2c ./emlib/em_dma.o
 .text.DMA_Prepare
                0x00000000      0x108 ./emlib/em_dma.o
 .text.DMA_ActivateAuto
                0x00000000       0x4c ./emlib/em_dma.o
 .text.DMA_ActivateBasic
                0x00000000       0x40 ./emlib/em_dma.o
 .text.DMA_ActivatePingPong
                0x00000000       0x58 ./emlib/em_dma.o
 .text.DMA_ActivateScatterGather
                0x00000000      0x14c ./emlib/em_dma.o
 .text.DMA_CfgChannel
                0x00000000       0x90 ./emlib/em_dma.o
 .text.DMA_CfgDescr
                0x00000000       0x70 ./emlib/em_dma.o
 .text.DMA_CfgLoop
                0x00000000       0x54 ./emlib/em_dma.o
 .text.DMA_CfgRect
                0x00000000       0x34 ./emlib/em_dma.o
 .text.DMA_CfgDescrScatterGather
                0x00000000       0xd4 ./emlib/em_dma.o
 .text.DMA_ChannelEnable
                0x00000000       0x3c ./emlib/em_dma.o
 .text.DMA_ChannelEnabled
                0x00000000       0x30 ./emlib/em_dma.o
 .text.DMA_ChannelRequestEnable
                0x00000000       0x38 ./emlib/em_dma.o
 .text.DMA_Init
                0x00000000       0x54 ./emlib/em_dma.o
 .text.DMA_RefreshPingPong
                0x00000000       0xf8 ./emlib/em_dma.o
 .text.DMA_Reset
                0x00000000       0x88 ./emlib/em_dma.o
 .text          0x00000000        0x0 ./emlib/em_ebi.o
 .data          0x00000000        0x0 ./emlib/em_ebi.o
 .bss           0x00000000        0x0 ./emlib/em_ebi.o
 .text.EBI_TFTFrameBaseSet
                0x00000000       0x1c ./emlib/em_ebi.o
 .text.BUS_RegBitWrite
                0x00000000       0x2c ./emlib/em_ebi.o
 .text.EBI_Init
                0x00000000      0x354 ./emlib/em_ebi.o
 .text.EBI_Disable
                0x00000000       0x1c ./emlib/em_ebi.o
 .text.EBI_BankEnable
                0x00000000       0x70 ./emlib/em_ebi.o
 .text.EBI_BankAddress
                0x00000000       0xec ./emlib/em_ebi.o
 .text.EBI_ChipSelectEnable
                0x00000000       0x70 ./emlib/em_ebi.o
 .text.EBI_PolaritySet
                0x00000000       0xf4 ./emlib/em_ebi.o
 .text.EBI_ReadTimingSet
                0x00000000       0x40 ./emlib/em_ebi.o
 .text.EBI_WriteTimingSet
                0x00000000       0x40 ./emlib/em_ebi.o
 .text.EBI_AddressTimingSet
                0x00000000       0x38 ./emlib/em_ebi.o
 .text.EBI_TFTInit
                0x00000000      0x100 ./emlib/em_ebi.o
 .text.EBI_TFTSizeSet
                0x00000000       0x28 ./emlib/em_ebi.o
 .text.EBI_TFTHPorchSet
                0x00000000       0x30 ./emlib/em_ebi.o
 .text.EBI_TFTVPorchSet
                0x00000000       0x30 ./emlib/em_ebi.o
 .text.EBI_TFTTimingSet
                0x00000000       0x34 ./emlib/em_ebi.o
 .text.EBI_BankReadTimingConfig
                0x00000000       0xdc ./emlib/em_ebi.o
 .text.EBI_BankReadTimingSet
                0x00000000       0xa4 ./emlib/em_ebi.o
 .text.EBI_BankWriteTimingConfig
                0x00000000       0xb0 ./emlib/em_ebi.o
 .text.EBI_BankWriteTimingSet
                0x00000000       0xa4 ./emlib/em_ebi.o
 .text.EBI_BankAddressTimingConfig
                0x00000000       0x7c ./emlib/em_ebi.o
 .text.EBI_BankAddressTimingSet
                0x00000000       0x9c ./emlib/em_ebi.o
 .text.EBI_BankPolaritySet
                0x00000000      0x164 ./emlib/em_ebi.o
 .text.EBI_BankByteLaneEnable
                0x00000000       0x70 ./emlib/em_ebi.o
 .text.EBI_AltMapEnable
                0x00000000       0x20 ./emlib/em_ebi.o
 .debug_info    0x00000000     0x10a5 ./emlib/em_ebi.o
 .debug_abbrev  0x00000000      0x1e4 ./emlib/em_ebi.o
 .debug_loc     0x00000000      0x56c ./emlib/em_ebi.o
 .debug_aranges
                0x00000000       0xe0 ./emlib/em_ebi.o
 .debug_ranges  0x00000000       0xd0 ./emlib/em_ebi.o
 .debug_line    0x00000000      0x537 ./emlib/em_ebi.o
 .debug_str     0x00000000      0xddc ./emlib/em_ebi.o
 .comment       0x00000000       0x71 ./emlib/em_ebi.o
 .ARM.attributes
                0x00000000       0x33 ./emlib/em_ebi.o
 .debug_frame   0x00000000      0x2f4 ./emlib/em_ebi.o
 .text          0x00000000        0x0 ./emlib/em_emu.o
 .data          0x00000000        0x0 ./emlib/em_emu.o
 .bss           0x00000000        0x0 ./emlib/em_emu.o
 .text.SystemCoreClockUpdate
                0x00000000        0xc ./emlib/em_emu.o
 .text.BUS_RegBitWrite
                0x00000000       0x2c ./emlib/em_emu.o
 .text.EMU_BUPinEnable
                0x00000000       0x20 ./emlib/em_emu.o
 .text.EMU_Unlock
                0x00000000       0x18 ./emlib/em_emu.o
 .text.CMU_Lock
                0x00000000       0x18 ./emlib/em_emu.o
 .text.CMU_Unlock
                0x00000000       0x1c ./emlib/em_emu.o
 .text.emuRestore
                0x00000000       0xf0 ./emlib/em_emu.o
 .text.getErrataFixEmuE107En
                0x00000000       0x68 ./emlib/em_emu.o
 .text.EMU_EnterEM2
                0x00000000       0x9c ./emlib/em_emu.o
 .text.EMU_EnterEM3
                0x00000000       0xbc ./emlib/em_emu.o
 .text.EMU_EnterEM4
                0x00000000       0x50 ./emlib/em_emu.o
 .text.EMU_MemPwrDown
                0x00000000       0x14 ./emlib/em_emu.o
 .text.EMU_EM23Init
                0x00000000       0x34 ./emlib/em_emu.o
 .text.EMU_EM4Init
                0x00000000       0x50 ./emlib/em_emu.o
 .text.EMU_BUPDInit
                0x00000000       0xcc ./emlib/em_emu.o
 .text.EMU_BUThresholdSet
                0x00000000       0x4c ./emlib/em_emu.o
 .text.EMU_BUThresRangeSet
                0x00000000       0x50 ./emlib/em_emu.o
 .text          0x00000000        0x0 ./emlib/em_gpcrc.o
 .data          0x00000000        0x0 ./emlib/em_gpcrc.o
 .bss           0x00000000        0x0 ./emlib/em_gpcrc.o
 .debug_info    0x00000000       0x89 ./emlib/em_gpcrc.o
 .debug_abbrev  0x00000000       0x4b ./emlib/em_gpcrc.o
 .debug_aranges
                0x00000000       0x18 ./emlib/em_gpcrc.o
 .debug_line    0x00000000       0xe1 ./emlib/em_gpcrc.o
 .debug_str     0x00000000      0x1d2 ./emlib/em_gpcrc.o
 .comment       0x00000000       0x71 ./emlib/em_gpcrc.o
 .ARM.attributes
                0x00000000       0x33 ./emlib/em_gpcrc.o
 .text          0x00000000        0x0 ./emlib/em_gpio.o
 .data          0x00000000        0x0 ./emlib/em_gpio.o
 .bss           0x00000000        0x0 ./emlib/em_gpio.o
 .text.BUS_RegBitWrite
                0x00000000       0x2c ./emlib/em_gpio.o
 .text.BUS_RegMaskedWrite
                0x00000000       0x28 ./emlib/em_gpio.o
 .text.GPIO_EM4SetPinRetention
                0x00000000       0x40 ./emlib/em_gpio.o
 .text.GPIO_DbgLocationSet
                0x00000000       0x2c ./emlib/em_gpio.o
 .text.GPIO_DriveModeSet
                0x00000000       0x70 ./emlib/em_gpio.o
 .text.GPIO_ExtIntConfig
                0x00000000       0xcc ./emlib/em_gpio.o
 .text.GPIO_PinModeGet
                0x00000000       0x90 ./emlib/em_gpio.o
 .text.GPIO_EM4EnablePinWakeup
                0x00000000       0x58 ./emlib/em_gpio.o
 .text          0x00000000        0x0 ./emlib/em_i2c.o
 .data          0x00000000        0x0 ./emlib/em_i2c.o
 .bss           0x00000000        0x0 ./emlib/em_i2c.o
 .text.BUS_RegBitWrite
                0x00000000       0x2c ./emlib/em_i2c.o
 .text.BUS_RegMaskedWrite
                0x00000000       0x28 ./emlib/em_i2c.o
 .rodata.i2cNSum
                0x00000000        0x4 ./emlib/em_i2c.o
 .bss.i2cTransfer
                0x00000000       0x18 ./emlib/em_i2c.o
 .text.I2C_BusFreqGet
                0x00000000       0x44 ./emlib/em_i2c.o
 .text.I2C_BusFreqSet
                0x00000000       0xfc ./emlib/em_i2c.o
 .text.I2C_Enable
                0x00000000       0x3c ./emlib/em_i2c.o
 .text.I2C_Init
                0x00000000       0x78 ./emlib/em_i2c.o
 .text.I2C_Reset
                0x00000000       0x3c ./emlib/em_i2c.o
 .text.I2C_Transfer
                0x00000000      0x44c ./emlib/em_i2c.o
 .text.I2C_TransferInit
                0x00000000       0xe4 ./emlib/em_i2c.o
 .debug_info    0x00000000      0x841 ./emlib/em_i2c.o
 .debug_abbrev  0x00000000      0x24c ./emlib/em_i2c.o
 .debug_loc     0x00000000      0x1f8 ./emlib/em_i2c.o
 .debug_aranges
                0x00000000       0x60 ./emlib/em_i2c.o
 .debug_ranges  0x00000000       0x50 ./emlib/em_i2c.o
 .debug_line    0x00000000      0x3b3 ./emlib/em_i2c.o
 .debug_str     0x00000000      0x7dc ./emlib/em_i2c.o
 .comment       0x00000000       0x71 ./emlib/em_i2c.o
 .ARM.attributes
                0x00000000       0x33 ./emlib/em_i2c.o
 .debug_frame   0x00000000      0x120 ./emlib/em_i2c.o
 .text          0x00000000        0x0 ./emlib/em_idac.o
 .data          0x00000000        0x0 ./emlib/em_idac.o
 .bss           0x00000000        0x0 ./emlib/em_idac.o
 .debug_info    0x00000000       0x89 ./emlib/em_idac.o
 .debug_abbrev  0x00000000       0x4b ./emlib/em_idac.o
 .debug_aranges
                0x00000000       0x18 ./emlib/em_idac.o
 .debug_line    0x00000000       0xe1 ./emlib/em_idac.o
 .debug_str     0x00000000      0x1d1 ./emlib/em_idac.o
 .comment       0x00000000       0x71 ./emlib/em_idac.o
 .ARM.attributes
                0x00000000       0x33 ./emlib/em_idac.o
 .text          0x00000000        0x0 ./emlib/em_int.o
 .data          0x00000000        0x0 ./emlib/em_int.o
 .bss           0x00000000        0x0 ./emlib/em_int.o
 .bss.INT_LockCnt
                0x00000000        0x4 ./emlib/em_int.o
 .debug_info    0x00000000       0xa6 ./emlib/em_int.o
 .debug_abbrev  0x00000000       0x5c ./emlib/em_int.o
 .debug_aranges
                0x00000000       0x18 ./emlib/em_int.o
 .debug_line    0x00000000       0xf6 ./emlib/em_int.o
 .debug_str     0x00000000      0x1e5 ./emlib/em_int.o
 .comment       0x00000000       0x71 ./emlib/em_int.o
 .ARM.attributes
                0x00000000       0x33 ./emlib/em_int.o
 .text          0x00000000        0x0 ./emlib/em_lcd.o
 .data          0x00000000        0x0 ./emlib/em_lcd.o
 .bss           0x00000000        0x0 ./emlib/em_lcd.o
 .text.LCD_Enable
                0x00000000       0x38 ./emlib/em_lcd.o
 .text.LCD_AnimEnable
                0x00000000       0x38 ./emlib/em_lcd.o
 .text.LCD_FrameCountEnable
                0x00000000       0x38 ./emlib/em_lcd.o
 .text.BUS_RegBitWrite
                0x00000000       0x2c ./emlib/em_lcd.o
 .text.LCD_Init
                0x00000000       0x70 ./emlib/em_lcd.o
 .text.LCD_VLCDSelect
                0x00000000       0x44 ./emlib/em_lcd.o
 .text.LCD_UpdateCtrl
                0x00000000       0x28 ./emlib/em_lcd.o
 .text.LCD_FrameCountInit
                0x00000000       0x48 ./emlib/em_lcd.o
 .text.LCD_AnimInit
                0x00000000       0x84 ./emlib/em_lcd.o
 .text.LCD_SegmentRangeEnable
                0x00000000       0x40 ./emlib/em_lcd.o
 .text.LCD_SegmentSet
                0x00000000      0x1e4 ./emlib/em_lcd.o
 .text.LCD_SegmentSetLow
                0x00000000      0x17c ./emlib/em_lcd.o
 .text.LCD_SegmentSetHigh
                0x00000000      0x17c ./emlib/em_lcd.o
 .text.LCD_ContrastSet
                0x00000000       0x28 ./emlib/em_lcd.o
 .text.LCD_VBoostSet
                0x00000000       0x28 ./emlib/em_lcd.o
 .text.LCD_BiasSegmentSet
                0x00000000      0x104 ./emlib/em_lcd.o
 .text.LCD_BiasComSet
                0x00000000       0x40 ./emlib/em_lcd.o
 .debug_info    0x00000000      0xa2c ./emlib/em_lcd.o
 .debug_abbrev  0x00000000      0x1c2 ./emlib/em_lcd.o
 .debug_loc     0x00000000      0x3b8 ./emlib/em_lcd.o
 .debug_aranges
                0x00000000       0xa0 ./emlib/em_lcd.o
 .debug_ranges  0x00000000       0x90 ./emlib/em_lcd.o
 .debug_line    0x00000000      0x401 ./emlib/em_lcd.o
 .debug_str     0x00000000      0x8de ./emlib/em_lcd.o
 .comment       0x00000000       0x71 ./emlib/em_lcd.o
 .ARM.attributes
                0x00000000       0x33 ./emlib/em_lcd.o
 .debug_frame   0x00000000      0x1fc ./emlib/em_lcd.o
 .text          0x00000000        0x0 ./emlib/em_ldma.o
 .data          0x00000000        0x0 ./emlib/em_ldma.o
 .bss           0x00000000        0x0 ./emlib/em_ldma.o
 .debug_info    0x00000000       0x89 ./emlib/em_ldma.o
 .debug_abbrev  0x00000000       0x4b ./emlib/em_ldma.o
 .debug_aranges
                0x00000000       0x18 ./emlib/em_ldma.o
 .debug_line    0x00000000       0xe1 ./emlib/em_ldma.o
 .debug_str     0x00000000      0x1d1 ./emlib/em_ldma.o
 .comment       0x00000000       0x71 ./emlib/em_ldma.o
 .ARM.attributes
                0x00000000       0x33 ./emlib/em_ldma.o
 .text          0x00000000        0x0 ./emlib/em_lesense.o
 .data          0x00000000        0x0 ./emlib/em_lesense.o
 .bss           0x00000000        0x0 ./emlib/em_lesense.o
 .text.BUS_RegBitWrite
                0x00000000       0x2c ./emlib/em_lesense.o
 .text.LESENSE_Init
                0x00000000      0x168 ./emlib/em_lesense.o
 .text.LESENSE_ScanFreqSet
                0x00000000       0xbc ./emlib/em_lesense.o
 .text.LESENSE_ScanModeSet
                0x00000000       0x3c ./emlib/em_lesense.o
 .text.LESENSE_StartDelaySet
                0x00000000       0x34 ./emlib/em_lesense.o
 .text.LESENSE_ClkDivSet
                0x00000000       0x60 ./emlib/em_lesense.o
 .text.LESENSE_ChannelAllConfig
                0x00000000       0x30 ./emlib/em_lesense.o
 .text.LESENSE_ChannelConfig
                0x00000000      0x168 ./emlib/em_lesense.o
 .text.LESENSE_AltExConfig
                0x00000000       0xf0 ./emlib/em_lesense.o
 .text.LESENSE_ChannelEnable
                0x00000000       0x3c ./emlib/em_lesense.o
 .text.LESENSE_ChannelEnableMask
                0x00000000       0x28 ./emlib/em_lesense.o
 .text.LESENSE_ChannelTimingSet
                0x00000000       0x38 ./emlib/em_lesense.o
 .text.LESENSE_ChannelThresSet
                0x00000000       0x78 ./emlib/em_lesense.o
 .text.LESENSE_DecoderStateAllConfig
                0x00000000       0x38 ./emlib/em_lesense.o
 .text.LESENSE_DecoderStateConfig
                0x00000000       0x80 ./emlib/em_lesense.o
 .text.LESENSE_DecoderStateSet
                0x00000000       0x20 ./emlib/em_lesense.o
 .text.LESENSE_DecoderStateGet
                0x00000000       0x1c ./emlib/em_lesense.o
 .text.LESENSE_ScanStart
                0x00000000       0x34 ./emlib/em_lesense.o
 .text.LESENSE_ScanStop
                0x00000000       0x34 ./emlib/em_lesense.o
 .text.LESENSE_DecoderStart
                0x00000000       0x34 ./emlib/em_lesense.o
 .text.LESENSE_ResultBufferClear
                0x00000000       0x34 ./emlib/em_lesense.o
 .text.LESENSE_Reset
                0x00000000       0xec ./emlib/em_lesense.o
 .debug_info    0x00000000     0x13ff ./emlib/em_lesense.o
 .debug_abbrev  0x00000000      0x230 ./emlib/em_lesense.o
 .debug_loc     0x00000000      0x494 ./emlib/em_lesense.o
 .debug_aranges
                0x00000000       0xc8 ./emlib/em_lesense.o
 .debug_ranges  0x00000000       0xb8 ./emlib/em_lesense.o
 .debug_line    0x00000000      0x5cb ./emlib/em_lesense.o
 .debug_str     0x00000000     0x1587 ./emlib/em_lesense.o
 .comment       0x00000000       0x71 ./emlib/em_lesense.o
 .ARM.attributes
                0x00000000       0x33 ./emlib/em_lesense.o
 .debug_frame   0x00000000      0x284 ./emlib/em_lesense.o
 .text          0x00000000        0x0 ./emlib/em_letimer.o
 .data          0x00000000        0x0 ./emlib/em_letimer.o
 .bss           0x00000000        0x0 ./emlib/em_letimer.o
 .text.LETIMER_CompareGet
                0x00000000       0x50 ./emlib/em_letimer.o
 .text.LETIMER_Enable
                0x00000000       0x2c ./emlib/em_letimer.o
 .text.LETIMER_FreezeEnable
                0x00000000       0x34 ./emlib/em_letimer.o
 .text.LETIMER_RepeatGet
                0x00000000       0x50 ./emlib/em_letimer.o
 .text.LETIMER_RepeatSet
                0x00000000       0x58 ./emlib/em_letimer.o
 .text.LETIMER_Reset
                0x00000000       0x50 ./emlib/em_letimer.o
 .text          0x00000000        0x0 ./emlib/em_leuart.o
 .data          0x00000000        0x0 ./emlib/em_leuart.o
 .bss           0x00000000        0x0 ./emlib/em_leuart.o
 .text.LEUART_Sync
                0x00000000       0x30 ./emlib/em_leuart.o
 .text.LEUART_BaudrateCalc
                0x00000000       0x5c ./emlib/em_leuart.o
 .text.LEUART_BaudrateGet
                0x00000000       0x58 ./emlib/em_leuart.o
 .text.LEUART_BaudrateSet
                0x00000000       0x80 ./emlib/em_leuart.o
 .text.LEUART_Enable
                0x00000000       0x58 ./emlib/em_leuart.o
 .text.LEUART_FreezeEnable
                0x00000000       0x34 ./emlib/em_leuart.o
 .text.LEUART_Init
                0x00000000       0x84 ./emlib/em_leuart.o
 .text.LEUART_Reset
                0x00000000       0x70 ./emlib/em_leuart.o
 .text.LEUART_Rx
                0x00000000       0x28 ./emlib/em_leuart.o
 .text.LEUART_RxExt
                0x00000000       0x28 ./emlib/em_leuart.o
 .text.LEUART_Tx
                0x00000000       0x30 ./emlib/em_leuart.o
 .text.LEUART_TxExt
                0x00000000       0x30 ./emlib/em_leuart.o
 .text.LEUART_TxDmaInEM2Enable
                0x00000000       0x3c ./emlib/em_leuart.o
 .text.LEUART_RxDmaInEM2Enable
                0x00000000       0x3c ./emlib/em_leuart.o
 .debug_info    0x00000000      0x828 ./emlib/em_leuart.o
 .debug_abbrev  0x00000000      0x1bb ./emlib/em_leuart.o
 .debug_loc     0x00000000      0x310 ./emlib/em_leuart.o
 .debug_aranges
                0x00000000       0x88 ./emlib/em_leuart.o
 .debug_ranges  0x00000000       0x78 ./emlib/em_leuart.o
 .debug_line    0x00000000      0x360 ./emlib/em_leuart.o
 .debug_str     0x00000000      0x75e ./emlib/em_leuart.o
 .comment       0x00000000       0x71 ./emlib/em_leuart.o
 .ARM.attributes
                0x00000000       0x33 ./emlib/em_leuart.o
 .debug_frame   0x00000000      0x1bc ./emlib/em_leuart.o
 .text          0x00000000        0x0 ./emlib/em_mpu.o
 .data          0x00000000        0x0 ./emlib/em_mpu.o
 .bss           0x00000000        0x0 ./emlib/em_mpu.o
 .text.MPU_ConfigureRegion
                0x00000000       0x88 ./emlib/em_mpu.o
 .debug_info    0x00000000      0x34d ./emlib/em_mpu.o
 .debug_abbrev  0x00000000      0x103 ./emlib/em_mpu.o
 .debug_loc     0x00000000       0x38 ./emlib/em_mpu.o
 .debug_aranges
                0x00000000       0x20 ./emlib/em_mpu.o
 .debug_ranges  0x00000000       0x10 ./emlib/em_mpu.o
 .debug_line    0x00000000      0x16c ./emlib/em_mpu.o
 .debug_str     0x00000000      0x54f ./emlib/em_mpu.o
 .comment       0x00000000       0x71 ./emlib/em_mpu.o
 .ARM.attributes
                0x00000000       0x33 ./emlib/em_mpu.o
 .debug_frame   0x00000000       0x2c ./emlib/em_mpu.o
 .text          0x00000000        0x0 ./emlib/em_msc.o
 .data          0x00000000        0x0 ./emlib/em_msc.o
 .bss           0x00000000        0x0 ./emlib/em_msc.o
 .ram           0x00000000      0x440 ./emlib/em_msc.o
 .text.MSC_Init
                0x00000000       0xbc ./emlib/em_msc.o
 .text.MSC_Deinit
                0x00000000       0x24 ./emlib/em_msc.o
 .text.MSC_ExecConfigSet
                0x00000000       0x5c ./emlib/em_msc.o
 .debug_info    0x00000000      0x7fc ./emlib/em_msc.o
 .debug_abbrev  0x00000000      0x1f8 ./emlib/em_msc.o
 .debug_loc     0x00000000      0x2b4 ./emlib/em_msc.o
 .debug_aranges
                0x00000000       0x80 ./emlib/em_msc.o
 .debug_ranges  0x00000000       0x70 ./emlib/em_msc.o
 .debug_line    0x00000000      0x3af ./emlib/em_msc.o
 .debug_str     0x00000000      0x762 ./emlib/em_msc.o
 .comment       0x00000000       0x71 ./emlib/em_msc.o
 .ARM.attributes
                0x00000000       0x33 ./emlib/em_msc.o
 .debug_frame   0x00000000      0x184 ./emlib/em_msc.o
 .text          0x00000000        0x0 ./emlib/em_opamp.o
 .data          0x00000000        0x0 ./emlib/em_opamp.o
 .bss           0x00000000        0x0 ./emlib/em_opamp.o
 .text.OPAMP_Disable
                0x00000000       0x64 ./emlib/em_opamp.o
 .text.OPAMP_Enable
                0x00000000      0x3ac ./emlib/em_opamp.o
 .debug_info    0x00000000      0x4d5 ./emlib/em_opamp.o
 .debug_abbrev  0x00000000      0x124 ./emlib/em_opamp.o
 .debug_loc     0x00000000       0x70 ./emlib/em_opamp.o
 .debug_aranges
                0x00000000       0x28 ./emlib/em_opamp.o
 .debug_ranges  0x00000000       0x18 ./emlib/em_opamp.o
 .debug_line    0x00000000      0x484 ./emlib/em_opamp.o
 .debug_str     0x00000000      0x581 ./emlib/em_opamp.o
 .comment       0x00000000       0x71 ./emlib/em_opamp.o
 .ARM.attributes
                0x00000000       0x33 ./emlib/em_opamp.o
 .debug_frame   0x00000000       0x4c ./emlib/em_opamp.o
 .text          0x00000000        0x0 ./emlib/em_pcnt.o
 .data          0x00000000        0x0 ./emlib/em_pcnt.o
 .bss           0x00000000        0x0 ./emlib/em_pcnt.o
 .text.BUS_RegBitWrite
                0x00000000       0x2c ./emlib/em_pcnt.o
 .text.PCNT_Map
                0x00000000       0x20 ./emlib/em_pcnt.o
 .text.PCNT_Sync
                0x00000000       0x30 ./emlib/em_pcnt.o
 .text.PCNT_CounterReset
                0x00000000       0x4c ./emlib/em_pcnt.o
 .text.PCNT_CounterTopSet
                0x00000000       0xc0 ./emlib/em_pcnt.o
 .text.PCNT_Enable
                0x00000000       0x58 ./emlib/em_pcnt.o
 .text.PCNT_PRSInputEnable
                0x00000000       0x70 ./emlib/em_pcnt.o
 .text.PCNT_FreezeEnable
                0x00000000       0x5c ./emlib/em_pcnt.o
 .text.PCNT_Init
                0x00000000      0x1d4 ./emlib/em_pcnt.o
 .text.PCNT_Reset
                0x00000000       0x80 ./emlib/em_pcnt.o
 .text.PCNT_TopBufferSet
                0x00000000       0x44 ./emlib/em_pcnt.o
 .text.PCNT_TopSet
                0x00000000       0x54 ./emlib/em_pcnt.o
 .debug_info    0x00000000      0x676 ./emlib/em_pcnt.o
 .debug_abbrev  0x00000000      0x1a6 ./emlib/em_pcnt.o
 .debug_loc     0x00000000      0x2a0 ./emlib/em_pcnt.o
 .debug_aranges
                0x00000000       0x78 ./emlib/em_pcnt.o
 .debug_ranges  0x00000000       0x68 ./emlib/em_pcnt.o
 .debug_line    0x00000000      0x3a2 ./emlib/em_pcnt.o
 .debug_str     0x00000000      0x50a ./emlib/em_pcnt.o
 .comment       0x00000000       0x71 ./emlib/em_pcnt.o
 .ARM.attributes
                0x00000000       0x33 ./emlib/em_pcnt.o
 .debug_frame   0x00000000      0x180 ./emlib/em_pcnt.o
 .text          0x00000000        0x0 ./emlib/em_prs.o
 .data          0x00000000        0x0 ./emlib/em_prs.o
 .bss           0x00000000        0x0 ./emlib/em_prs.o
 .text.PRS_SourceSignalSet
                0x00000000       0x38 ./emlib/em_prs.o
 .text.PRS_SourceAsyncSignalSet
                0x00000000       0x38 ./emlib/em_prs.o
 .debug_info    0x00000000      0x20b ./emlib/em_prs.o
 .debug_abbrev  0x00000000       0xdc ./emlib/em_prs.o
 .debug_loc     0x00000000       0x70 ./emlib/em_prs.o
 .debug_aranges
                0x00000000       0x28 ./emlib/em_prs.o
 .debug_ranges  0x00000000       0x18 ./emlib/em_prs.o
 .debug_line    0x00000000      0x1f5 ./emlib/em_prs.o
 .debug_str     0x00000000      0x297 ./emlib/em_prs.o
 .comment       0x00000000       0x71 ./emlib/em_prs.o
 .ARM.attributes
                0x00000000       0x33 ./emlib/em_prs.o
 .debug_frame   0x00000000       0x48 ./emlib/em_prs.o
 .text          0x00000000        0x0 ./emlib/em_rmu.o
 .data          0x00000000        0x0 ./emlib/em_rmu.o
 .bss           0x00000000        0x0 ./emlib/em_rmu.o
 .text.SL_CTZ   0x00000000       0x28 ./emlib/em_rmu.o
 .text.BUS_RegBitWrite
                0x00000000       0x2c ./emlib/em_rmu.o
 .text.EMU_Lock
                0x00000000       0x18 ./emlib/em_rmu.o
 .text.EMU_Unlock
                0x00000000       0x18 ./emlib/em_rmu.o
 .rodata.resetCauseMasks
                0x00000000       0x80 ./emlib/em_rmu.o
 .text.RMU_ResetControl
                0x00000000       0x38 ./emlib/em_rmu.o
 .text.RMU_ResetCauseClear
                0x00000000       0x50 ./emlib/em_rmu.o
 .text.RMU_ResetCauseGet
                0x00000000       0x6c ./emlib/em_rmu.o
 .debug_info    0x00000000      0x499 ./emlib/em_rmu.o
 .debug_abbrev  0x00000000      0x1d4 ./emlib/em_rmu.o
 .debug_loc     0x00000000      0x170 ./emlib/em_rmu.o
 .debug_aranges
                0x00000000       0x50 ./emlib/em_rmu.o
 .debug_ranges  0x00000000       0x40 ./emlib/em_rmu.o
 .debug_line    0x00000000      0x2b4 ./emlib/em_rmu.o
 .debug_str     0x00000000      0x3ef ./emlib/em_rmu.o
 .comment       0x00000000       0x71 ./emlib/em_rmu.o
 .ARM.attributes
                0x00000000       0x33 ./emlib/em_rmu.o
 .debug_frame   0x00000000       0xd4 ./emlib/em_rmu.o
 .text          0x00000000        0x0 ./emlib/em_rtc.o
 .data          0x00000000        0x0 ./emlib/em_rtc.o
 .bss           0x00000000        0x0 ./emlib/em_rtc.o
 .text.BUS_RegBitWrite
                0x00000000       0x2c ./emlib/em_rtc.o
 .text.RTC_CompareGet
                0x00000000       0x3c ./emlib/em_rtc.o
 .text.RTC_CompareSet
                0x00000000       0x4c ./emlib/em_rtc.o
 .text.RTC_Enable
                0x00000000       0x20 ./emlib/em_rtc.o
 .text.RTC_FreezeEnable
                0x00000000       0x2c ./emlib/em_rtc.o
 .text.RTC_Init
                0x00000000       0x50 ./emlib/em_rtc.o
 .text.RTC_Reset
                0x00000000       0x34 ./emlib/em_rtc.o
 .text.RTC_CounterReset
                0x00000000       0x14 ./emlib/em_rtc.o
 .debug_info    0x00000000      0x32d ./emlib/em_rtc.o
 .debug_abbrev  0x00000000      0x198 ./emlib/em_rtc.o
 .debug_loc     0x00000000      0x1a8 ./emlib/em_rtc.o
 .debug_aranges
                0x00000000       0x58 ./emlib/em_rtc.o
 .debug_ranges  0x00000000       0x48 ./emlib/em_rtc.o
 .debug_line    0x00000000      0x28f ./emlib/em_rtc.o
 .debug_str     0x00000000      0x2cb ./emlib/em_rtc.o
 .comment       0x00000000       0x71 ./emlib/em_rtc.o
 .ARM.attributes
                0x00000000       0x33 ./emlib/em_rtc.o
 .debug_frame   0x00000000       0xf0 ./emlib/em_rtc.o
 .text          0x00000000        0x0 ./emlib/em_rtcc.o
 .data          0x00000000        0x0 ./emlib/em_rtcc.o
 .bss           0x00000000        0x0 ./emlib/em_rtcc.o
 .debug_info    0x00000000       0x89 ./emlib/em_rtcc.o
 .debug_abbrev  0x00000000       0x4b ./emlib/em_rtcc.o
 .debug_aranges
                0x00000000       0x18 ./emlib/em_rtcc.o
 .debug_line    0x00000000       0xe1 ./emlib/em_rtcc.o
 .debug_str     0x00000000      0x1d1 ./emlib/em_rtcc.o
 .comment       0x00000000       0x71 ./emlib/em_rtcc.o
 .ARM.attributes
                0x00000000       0x33 ./emlib/em_rtcc.o
 .text          0x00000000        0x0 ./emlib/em_system.o
 .data          0x00000000        0x0 ./emlib/em_system.o
 .bss           0x00000000        0x0 ./emlib/em_system.o
 .text.SYSTEM_GetCalibrationValue
                0x00000000       0x54 ./emlib/em_system.o
 .text          0x00000000        0x0 ./emlib/em_timer.o
 .data          0x00000000        0x0 ./emlib/em_timer.o
 .bss           0x00000000        0x0 ./emlib/em_timer.o
 .text.TIMER_EnableDTI
                0x00000000       0x38 ./emlib/em_timer.o
 .text.TIMER_GetDTIFault
                0x00000000       0x1c ./emlib/em_timer.o
 .text.TIMER_ClearDTIFault
                0x00000000       0x1c ./emlib/em_timer.o
 .text.TIMER_Init
                0x00000000      0x10c ./emlib/em_timer.o
 .text.TIMER_InitCC
                0x00000000       0xcc ./emlib/em_timer.o
 .text.TIMER_InitDTI
                0x00000000      0x104 ./emlib/em_timer.o
 .text.TIMER_Reset
                0x00000000       0xd8 ./emlib/em_timer.o
 .debug_info    0x00000000      0x8cd ./emlib/em_timer.o
 .debug_abbrev  0x00000000      0x19b ./emlib/em_timer.o
 .debug_loc     0x00000000      0x188 ./emlib/em_timer.o
 .debug_aranges
                0x00000000       0x50 ./emlib/em_timer.o
 .debug_ranges  0x00000000       0x40 ./emlib/em_timer.o
 .debug_line    0x00000000      0x4a3 ./emlib/em_timer.o
 .debug_str     0x00000000      0x96d ./emlib/em_timer.o
 .comment       0x00000000       0x71 ./emlib/em_timer.o
 .ARM.attributes
                0x00000000       0x33 ./emlib/em_timer.o
 .debug_frame   0x00000000       0xd8 ./emlib/em_timer.o
 .text          0x00000000        0x0 ./emlib/em_usart.o
 .data          0x00000000        0x0 ./emlib/em_usart.o
 .bss           0x00000000        0x0 ./emlib/em_usart.o
 .text.BUS_RegMaskedWrite
                0x00000000       0x28 ./emlib/em_usart.o
 .text.USART_BaudrateAsyncSet
                0x00000000       0xb0 ./emlib/em_usart.o
 .text.USART_BaudrateCalc
                0x00000000      0x11c ./emlib/em_usart.o
 .text.USART_BaudrateGet
                0x00000000       0x50 ./emlib/em_usart.o
 .text.USART_BaudrateSyncSet
                0x00000000       0x74 ./emlib/em_usart.o
 .text.USART_Enable
                0x00000000       0x70 ./emlib/em_usart.o
 .text.USART_InitAsync
                0x00000000       0xb4 ./emlib/em_usart.o
 .text.USART_InitSync
                0x00000000       0xcc ./emlib/em_usart.o
 .text.USARTn_InitIrDA
                0x00000000       0x70 ./emlib/em_usart.o
 .text.USART_InitI2s
                0x00000000       0x94 ./emlib/em_usart.o
 .text.USART_InitPrsTrigger
                0x00000000       0x60 ./emlib/em_usart.o
 .text.USART_Reset
                0x00000000       0xb0 ./emlib/em_usart.o
 .text.USART_Rx
                0x00000000       0x28 ./emlib/em_usart.o
 .text.USART_RxDouble
                0x00000000       0x28 ./emlib/em_usart.o
 .text.USART_RxDoubleExt
                0x00000000       0x28 ./emlib/em_usart.o
 .text.USART_RxExt
                0x00000000       0x28 ./emlib/em_usart.o
 .text.USART_SpiTransfer
                0x00000000       0x40 ./emlib/em_usart.o
 .text.USART_Tx
                0x00000000       0x2c ./emlib/em_usart.o
 .text.USART_TxDouble
                0x00000000       0x2c ./emlib/em_usart.o
 .text.USART_TxDoubleExt
                0x00000000       0x28 ./emlib/em_usart.o
 .text.USART_TxExt
                0x00000000       0x2c ./emlib/em_usart.o
 .debug_info    0x00000000      0xed2 ./emlib/em_usart.o
 .debug_abbrev  0x00000000      0x1d2 ./emlib/em_usart.o
 .debug_loc     0x00000000      0x49a ./emlib/em_usart.o
 .debug_aranges
                0x00000000       0xc0 ./emlib/em_usart.o
 .debug_ranges  0x00000000       0xb0 ./emlib/em_usart.o
 .debug_line    0x00000000      0x51e ./emlib/em_usart.o
 .debug_str     0x00000000      0xde4 ./emlib/em_usart.o
 .comment       0x00000000       0x71 ./emlib/em_usart.o
 .ARM.attributes
                0x00000000       0x33 ./emlib/em_usart.o
 .debug_frame   0x00000000      0x27c ./emlib/em_usart.o
 .text          0x00000000        0x0 ./emlib/em_vcmp.o
 .data          0x00000000        0x0 ./emlib/em_vcmp.o
 .bss           0x00000000        0x0 ./emlib/em_vcmp.o
 .text.VCMP_Ready
                0x00000000       0x24 ./emlib/em_vcmp.o
 .text.VCMP_IntClear
                0x00000000       0x1c ./emlib/em_vcmp.o
 .text.VCMP_Init
                0x00000000      0x1a4 ./emlib/em_vcmp.o
 .text.VCMP_LowPowerRefSet
                0x00000000       0x3c ./emlib/em_vcmp.o
 .text.VCMP_TriggerSet
                0x00000000       0x34 ./emlib/em_vcmp.o
 .debug_info    0x00000000      0x2f1 ./emlib/em_vcmp.o
 .debug_abbrev  0x00000000      0x115 ./emlib/em_vcmp.o
 .debug_loc     0x00000000      0x10c ./emlib/em_vcmp.o
 .debug_aranges
                0x00000000       0x40 ./emlib/em_vcmp.o
 .debug_ranges  0x00000000       0x30 ./emlib/em_vcmp.o
 .debug_line    0x00000000      0x26a ./emlib/em_vcmp.o
 .debug_str     0x00000000      0x3bd ./emlib/em_vcmp.o
 .comment       0x00000000       0x71 ./emlib/em_vcmp.o
 .ARM.attributes
                0x00000000       0x33 ./emlib/em_vcmp.o
 .debug_frame   0x00000000       0x9c ./emlib/em_vcmp.o
 .text          0x00000000        0x0 ./emlib/em_wdog.o
 .data          0x00000000        0x0 ./emlib/em_wdog.o
 .bss           0x00000000        0x0 ./emlib/em_wdog.o
 .text.BUS_RegBitWrite
                0x00000000       0x2c ./emlib/em_wdog.o
 .text.WDOGn_Enable
                0x00000000       0x48 ./emlib/em_wdog.o
 .text.WDOGn_Feed
                0x00000000       0x44 ./emlib/em_wdog.o
 .text.WDOGn_Init
                0x00000000       0xb0 ./emlib/em_wdog.o
 .text.WDOGn_Lock
                0x00000000       0x28 ./emlib/em_wdog.o
 .debug_info    0x00000000      0x352 ./emlib/em_wdog.o
 .debug_abbrev  0x00000000      0x11b ./emlib/em_wdog.o
 .debug_loc     0x00000000      0x118 ./emlib/em_wdog.o
 .debug_aranges
                0x00000000       0x40 ./emlib/em_wdog.o
 .debug_ranges  0x00000000       0x30 ./emlib/em_wdog.o
 .debug_line    0x00000000      0x266 ./emlib/em_wdog.o
 .debug_str     0x00000000      0x3f5 ./emlib/em_wdog.o
 .comment       0x00000000       0x71 ./emlib/em_wdog.o
 .ARM.attributes
                0x00000000       0x33 ./emlib/em_wdog.o
 .debug_frame   0x00000000       0xa4 ./emlib/em_wdog.o
 .data          0x00000000        0x0 ./CMSIS/efm32lg/startup_gcc_efm32lg.o
 .bss           0x00000000        0x0 ./CMSIS/efm32lg/startup_gcc_efm32lg.o
 .text          0x00000000        0x0 ./CMSIS/efm32lg/system_efm32lg.o
 .data          0x00000000        0x0 ./CMSIS/efm32lg/system_efm32lg.o
 .bss           0x00000000        0x0 ./CMSIS/efm32lg/system_efm32lg.o
 .text.SystemHFXOClockSet
                0x00000000       0x2c ./CMSIS/efm32lg/system_efm32lg.o
 .text.SystemLFXOClockSet
                0x00000000       0x2c ./CMSIS/efm32lg/system_efm32lg.o
 .text          0x00000000       0x2c c:/siliconlabs/simplicitystudio/v3/developer/toolchains/gnu_arm/4.8_2013q4/bin/../lib/gcc/arm-none-eabi/4.8.3/armv7-m\libgcc.a(_aeabi_uldivmod.o)
 .data          0x00000000        0x0 c:/siliconlabs/simplicitystudio/v3/developer/toolchains/gnu_arm/4.8_2013q4/bin/../lib/gcc/arm-none-eabi/4.8.3/armv7-m\libgcc.a(_aeabi_uldivmod.o)
 .bss           0x00000000        0x0 c:/siliconlabs/simplicitystudio/v3/developer/toolchains/gnu_arm/4.8_2013q4/bin/../lib/gcc/arm-none-eabi/4.8.3/armv7-m\libgcc.a(_aeabi_uldivmod.o)
 .ARM.attributes
                0x00000000       0x1d c:/siliconlabs/simplicitystudio/v3/developer/toolchains/gnu_arm/4.8_2013q4/bin/../lib/gcc/arm-none-eabi/4.8.3/armv7-m\libgcc.a(_aeabi_uldivmod.o)
 .text          0x00000000       0x60 c:/siliconlabs/simplicitystudio/v3/developer/toolchains/gnu_arm/4.8_2013q4/bin/../lib/gcc/arm-none-eabi/4.8.3/armv7-m\libgcc.a(bpabi.o)
 .data          0x00000000        0x0 c:/siliconlabs/simplicitystudio/v3/developer/toolchains/gnu_arm/4.8_2013q4/bin/../lib/gcc/arm-none-eabi/4.8.3/armv7-m\libgcc.a(bpabi.o)
 .bss           0x00000000        0x0 c:/siliconlabs/simplicitystudio/v3/developer/toolchains/gnu_arm/4.8_2013q4/bin/../lib/gcc/arm-none-eabi/4.8.3/armv7-m\libgcc.a(bpabi.o)
 .ARM.attributes
                0x00000000       0x2d c:/siliconlabs/simplicitystudio/v3/developer/toolchains/gnu_arm/4.8_2013q4/bin/../lib/gcc/arm-none-eabi/4.8.3/armv7-m\libgcc.a(bpabi.o)
 .debug_frame   0x00000000       0x58 c:/siliconlabs/simplicitystudio/v3/developer/toolchains/gnu_arm/4.8_2013q4/bin/../lib/gcc/arm-none-eabi/4.8.3/armv7-m\libgcc.a(bpabi.o)
 .text          0x00000000        0x4 c:/siliconlabs/simplicitystudio/v3/developer/toolchains/gnu_arm/4.8_2013q4/bin/../lib/gcc/arm-none-eabi/4.8.3/armv7-m\libgcc.a(_dvmd_tls.o)
 .data          0x00000000        0x0 c:/siliconlabs/simplicitystudio/v3/developer/toolchains/gnu_arm/4.8_2013q4/bin/../lib/gcc/arm-none-eabi/4.8.3/armv7-m\libgcc.a(_dvmd_tls.o)
 .bss           0x00000000        0x0 c:/siliconlabs/simplicitystudio/v3/developer/toolchains/gnu_arm/4.8_2013q4/bin/../lib/gcc/arm-none-eabi/4.8.3/armv7-m\libgcc.a(_dvmd_tls.o)
 .ARM.attributes
                0x00000000       0x1d c:/siliconlabs/simplicitystudio/v3/developer/toolchains/gnu_arm/4.8_2013q4/bin/../lib/gcc/arm-none-eabi/4.8.3/armv7-m\libgcc.a(_dvmd_tls.o)
 .text          0x00000000      0x2a0 c:/siliconlabs/simplicitystudio/v3/developer/toolchains/gnu_arm/4.8_2013q4/bin/../lib/gcc/arm-none-eabi/4.8.3/armv7-m\libgcc.a(_divdi3.o)
 .data          0x00000000        0x0 c:/siliconlabs/simplicitystudio/v3/developer/toolchains/gnu_arm/4.8_2013q4/bin/../lib/gcc/arm-none-eabi/4.8.3/armv7-m\libgcc.a(_divdi3.o)
 .bss           0x00000000        0x0 c:/siliconlabs/simplicitystudio/v3/developer/toolchains/gnu_arm/4.8_2013q4/bin/../lib/gcc/arm-none-eabi/4.8.3/armv7-m\libgcc.a(_divdi3.o)
 .ARM.extab     0x00000000        0x0 c:/siliconlabs/simplicitystudio/v3/developer/toolchains/gnu_arm/4.8_2013q4/bin/../lib/gcc/arm-none-eabi/4.8.3/armv7-m\libgcc.a(_divdi3.o)
 .ARM.exidx     0x00000000        0x8 c:/siliconlabs/simplicitystudio/v3/developer/toolchains/gnu_arm/4.8_2013q4/bin/../lib/gcc/arm-none-eabi/4.8.3/armv7-m\libgcc.a(_divdi3.o)
 .ARM.attributes
                0x00000000       0x2d c:/siliconlabs/simplicitystudio/v3/developer/toolchains/gnu_arm/4.8_2013q4/bin/../lib/gcc/arm-none-eabi/4.8.3/armv7-m\libgcc.a(_divdi3.o)
 .debug_frame   0x00000000       0x34 c:/siliconlabs/simplicitystudio/v3/developer/toolchains/gnu_arm/4.8_2013q4/bin/../lib/gcc/arm-none-eabi/4.8.3/armv7-m\libgcc.a(_divdi3.o)
 .text          0x00000000      0x290 c:/siliconlabs/simplicitystudio/v3/developer/toolchains/gnu_arm/4.8_2013q4/bin/../lib/gcc/arm-none-eabi/4.8.3/armv7-m\libgcc.a(_udivdi3.o)
 .data          0x00000000        0x0 c:/siliconlabs/simplicitystudio/v3/developer/toolchains/gnu_arm/4.8_2013q4/bin/../lib/gcc/arm-none-eabi/4.8.3/armv7-m\libgcc.a(_udivdi3.o)
 .bss           0x00000000        0x0 c:/siliconlabs/simplicitystudio/v3/developer/toolchains/gnu_arm/4.8_2013q4/bin/../lib/gcc/arm-none-eabi/4.8.3/armv7-m\libgcc.a(_udivdi3.o)
 .ARM.extab     0x00000000        0x0 c:/siliconlabs/simplicitystudio/v3/developer/toolchains/gnu_arm/4.8_2013q4/bin/../lib/gcc/arm-none-eabi/4.8.3/armv7-m\libgcc.a(_udivdi3.o)
 .ARM.exidx     0x00000000        0x8 c:/siliconlabs/simplicitystudio/v3/developer/toolchains/gnu_arm/4.8_2013q4/bin/../lib/gcc/arm-none-eabi/4.8.3/armv7-m\libgcc.a(_udivdi3.o)
 .ARM.attributes
                0x00000000       0x2d c:/siliconlabs/simplicitystudio/v3/developer/toolchains/gnu_arm/4.8_2013q4/bin/../lib/gcc/arm-none-eabi/4.8.3/armv7-m\libgcc.a(_udivdi3.o)
 .debug_frame   0x00000000       0x34 c:/siliconlabs/simplicitystudio/v3/developer/toolchains/gnu_arm/4.8_2013q4/bin/../lib/gcc/arm-none-eabi/4.8.3/armv7-m\libgcc.a(_udivdi3.o)
 .text          0x00000000        0x0 c:/siliconlabs/simplicitystudio/v3/developer/toolchains/gnu_arm/4.8_2013q4/bin/../lib/gcc/arm-none-eabi/4.8.3/../../../../arm-none-eabi/lib/armv7-m\libc_s.a(lib_a-exit.o)
 .data          0x00000000        0x0 c:/siliconlabs/simplicitystudio/v3/developer/toolchains/gnu_arm/4.8_2013q4/bin/../lib/gcc/arm-none-eabi/4.8.3/../../../../arm-none-eabi/lib/armv7-m\libc_s.a(lib_a-exit.o)
 .bss           0x00000000        0x0 c:/siliconlabs/simplicitystudio/v3/developer/toolchains/gnu_arm/4.8_2013q4/bin/../lib/gcc/arm-none-eabi/4.8.3/../../../../arm-none-eabi/lib/armv7-m\libc_s.a(lib_a-exit.o)
 .text          0x00000000        0x0 c:/siliconlabs/simplicitystudio/v3/developer/toolchains/gnu_arm/4.8_2013q4/bin/../lib/gcc/arm-none-eabi/4.8.3/../../../../arm-none-eabi/lib/armv7-m\libc_s.a(lib_a-impure.o)
 .data          0x00000000        0x0 c:/siliconlabs/simplicitystudio/v3/developer/toolchains/gnu_arm/4.8_2013q4/bin/../lib/gcc/arm-none-eabi/4.8.3/../../../../arm-none-eabi/lib/armv7-m\libc_s.a(lib_a-impure.o)
 .bss           0x00000000        0x0 c:/siliconlabs/simplicitystudio/v3/developer/toolchains/gnu_arm/4.8_2013q4/bin/../lib/gcc/arm-none-eabi/4.8.3/../../../../arm-none-eabi/lib/armv7-m\libc_s.a(lib_a-impure.o)
 .data._impure_ptr
                0x00000000        0x4 c:/siliconlabs/simplicitystudio/v3/developer/toolchains/gnu_arm/4.8_2013q4/bin/../lib/gcc/arm-none-eabi/4.8.3/../../../../arm-none-eabi/lib/armv7-m\libc_s.a(lib_a-impure.o)
 .text          0x00000000        0x0 c:/siliconlabs/simplicitystudio/v3/developer/toolchains/gnu_arm/4.8_2013q4/bin/../lib/gcc/arm-none-eabi/4.8.3/../../../../arm-none-eabi/lib/armv7-m\libc_s.a(lib_a-init.o)
 .data          0x00000000        0x0 c:/siliconlabs/simplicitystudio/v3/developer/toolchains/gnu_arm/4.8_2013q4/bin/../lib/gcc/arm-none-eabi/4.8.3/../../../../arm-none-eabi/lib/armv7-m\libc_s.a(lib_a-init.o)
 .bss           0x00000000        0x0 c:/siliconlabs/simplicitystudio/v3/developer/toolchains/gnu_arm/4.8_2013q4/bin/../lib/gcc/arm-none-eabi/4.8.3/../../../../arm-none-eabi/lib/armv7-m\libc_s.a(lib_a-init.o)
 .text          0x00000000        0x0 c:/siliconlabs/simplicitystudio/v3/developer/toolchains/gnu_arm/4.8_2013q4/bin/../lib/gcc/arm-none-eabi/4.8.3/../../../../arm-none-eabi/lib/armv7-m\libc_s.a(lib_a-memset.o)
 .data          0x00000000        0x0 c:/siliconlabs/simplicitystudio/v3/developer/toolchains/gnu_arm/4.8_2013q4/bin/../lib/gcc/arm-none-eabi/4.8.3/../../../../arm-none-eabi/lib/armv7-m\libc_s.a(lib_a-memset.o)
 .bss           0x00000000        0x0 c:/siliconlabs/simplicitystudio/v3/developer/toolchains/gnu_arm/4.8_2013q4/bin/../lib/gcc/arm-none-eabi/4.8.3/../../../../arm-none-eabi/lib/armv7-m\libc_s.a(lib_a-memset.o)
 .text          0x00000000        0x0 c:/siliconlabs/simplicitystudio/v3/developer/toolchains/gnu_arm/4.8_2013q4/bin/../lib/gcc/arm-none-eabi/4.8.3/../../../../arm-none-eabi/lib/armv7-m\libnosys.a(_exit.o)
 .data          0x00000000        0x0 c:/siliconlabs/simplicitystudio/v3/developer/toolchains/gnu_arm/4.8_2013q4/bin/../lib/gcc/arm-none-eabi/4.8.3/../../../../arm-none-eabi/lib/armv7-m\libnosys.a(_exit.o)
 .bss           0x00000000        0x0 c:/siliconlabs/simplicitystudio/v3/developer/toolchains/gnu_arm/4.8_2013q4/bin/../lib/gcc/arm-none-eabi/4.8.3/../../../../arm-none-eabi/lib/armv7-m\libnosys.a(_exit.o)
 .text          0x00000000        0x0 c:/siliconlabs/simplicitystudio/v3/developer/toolchains/gnu_arm/4.8_2013q4/bin/../lib/gcc/arm-none-eabi/4.8.3/armv7-m/crtend.o
 .data          0x00000000        0x0 c:/siliconlabs/simplicitystudio/v3/developer/toolchains/gnu_arm/4.8_2013q4/bin/../lib/gcc/arm-none-eabi/4.8.3/armv7-m/crtend.o
 .bss           0x00000000        0x0 c:/siliconlabs/simplicitystudio/v3/developer/toolchains/gnu_arm/4.8_2013q4/bin/../lib/gcc/arm-none-eabi/4.8.3/armv7-m/crtend.o
 .text          0x00000000        0x0 c:/siliconlabs/simplicitystudio/v3/developer/toolchains/gnu_arm/4.8_2013q4/bin/../lib/gcc/arm-none-eabi/4.8.3/armv7-m/crtn.o
 .data          0x00000000        0x0 c:/siliconlabs/simplicitystudio/v3/developer/toolchains/gnu_arm/4.8_2013q4/bin/../lib/gcc/arm-none-eabi/4.8.3/armv7-m/crtn.o
 .bss           0x00000000        0x0 c:/siliconlabs/simplicitystudio/v3/developer/toolchains/gnu_arm/4.8_2013q4/bin/../lib/gcc/arm-none-eabi/4.8.3/armv7-m/crtn.o

Memory Configuration

Name             Origin             Length             Attributes
FLASH            0x00000000         0x00040000         xr
RAM              0x20000000         0x00008000         xrw
*default*        0x00000000         0xffffffff

Linker script and memory map

LOAD c:/siliconlabs/simplicitystudio/v3/developer/toolchains/gnu_arm/4.8_2013q4/bin/../lib/gcc/arm-none-eabi/4.8.3/armv7-m/crti.o
LOAD c:/siliconlabs/simplicitystudio/v3/developer/toolchains/gnu_arm/4.8_2013q4/bin/../lib/gcc/arm-none-eabi/4.8.3/armv7-m/crtbegin.o
LOAD c:/siliconlabs/simplicitystudio/v3/developer/toolchains/gnu_arm/4.8_2013q4/bin/../lib/gcc/arm-none-eabi/4.8.3/../../../../arm-none-eabi/lib/armv7-m/crt0.o
LOAD ./src/InitDevice.o
LOAD ./src/main.o
LOAD ./emlib/em_acmp.o
LOAD ./emlib/em_adc.o
LOAD ./emlib/em_aes.o
LOAD ./emlib/em_assert.o
LOAD ./emlib/em_burtc.o
LOAD ./emlib/em_cmu.o
LOAD ./emlib/em_cryotimer.o
LOAD ./emlib/em_crypto.o
LOAD ./emlib/em_dac.o
LOAD ./emlib/em_dbg.o
LOAD ./emlib/em_dma.o
LOAD ./emlib/em_ebi.o
LOAD ./emlib/em_emu.o
LOAD ./emlib/em_gpcrc.o
LOAD ./emlib/em_gpio.o
LOAD ./emlib/em_i2c.o
LOAD ./emlib/em_idac.o
LOAD ./emlib/em_int.o
LOAD ./emlib/em_lcd.o
LOAD ./emlib/em_ldma.o
LOAD ./emlib/em_lesense.o
LOAD ./emlib/em_letimer.o
LOAD ./emlib/em_leuart.o
LOAD ./emlib/em_mpu.o
LOAD ./emlib/em_msc.o
LOAD ./emlib/em_opamp.o
LOAD ./emlib/em_pcnt.o
LOAD ./emlib/em_prs.o
LOAD ./emlib/em_rmu.o
LOAD ./emlib/em_rtc.o
LOAD ./emlib/em_rtcc.o
LOAD ./emlib/em_system.o
LOAD ./emlib/em_timer.o
LOAD ./emlib/em_usart.o
LOAD ./emlib/em_vcmp.o
LOAD ./emlib/em_wdog.o
LOAD ./CMSIS/efm32lg/startup_gcc_efm32lg.o
LOAD ./CMSIS/efm32lg/system_efm32lg.o
START GROUP
LOAD c:/siliconlabs/simplicitystudio/v3/developer/toolchains/gnu_arm/4.8_2013q4/bin/../lib/gcc/arm-none-eabi/4.8.3/armv7-m\libgcc.a
LOAD c:/siliconlabs/simplicitystudio/v3/developer/toolchains/gnu_arm/4.8_2013q4/bin/../lib/gcc/arm-none-eabi/4.8.3/../../../../arm-none-eabi/lib/armv7-m\libc_s.a
LOAD c:/siliconlabs/simplicitystudio/v3/developer/toolchains/gnu_arm/4.8_2013q4/bin/../lib/gcc/arm-none-eabi/4.8.3/../../../../arm-none-eabi/lib/armv7-m\libnosys.a
END GROUP
START GROUP
LOAD c:/siliconlabs/simplicitystudio/v3/developer/toolchains/gnu_arm/4.8_2013q4/bin/../lib/gcc/arm-none-eabi/4.8.3/armv7-m\libgcc.a
LOAD c:/siliconlabs/simplicitystudio/v3/developer/toolchains/gnu_arm/4.8_2013q4/bin/../lib/gcc/arm-none-eabi/4.8.3/../../../../arm-none-eabi/lib/armv7-m\libg_s.a
LOAD c:/siliconlabs/simplicitystudio/v3/developer/toolchains/gnu_arm/4.8_2013q4/bin/../lib/gcc/arm-none-eabi/4.8.3/../../../../arm-none-eabi/lib/armv7-m\libc_s.a
END GROUP
START GROUP
LOAD c:/siliconlabs/simplicitystudio/v3/developer/toolchains/gnu_arm/4.8_2013q4/bin/../lib/gcc/arm-none-eabi/4.8.3/armv7-m\libgcc.a
LOAD c:/siliconlabs/simplicitystudio/v3/developer/toolchains/gnu_arm/4.8_2013q4/bin/../lib/gcc/arm-none-eabi/4.8.3/../../../../arm-none-eabi/lib/armv7-m\libc_s.a
END GROUP
LOAD c:/siliconlabs/simplicitystudio/v3/developer/toolchains/gnu_arm/4.8_2013q4/bin/../lib/gcc/arm-none-eabi/4.8.3/armv7-m/crtend.o
LOAD c:/siliconlabs/simplicitystudio/v3/developer/toolchains/gnu_arm/4.8_2013q4/bin/../lib/gcc/arm-none-eabi/4.8.3/armv7-m/crtn.o

.text           0x00000000     0x16fc
 *(.vectors)
 .vectors       0x00000000       0xe0 ./CMSIS/efm32lg/startup_gcc_efm32lg.o
                0x00000000                __Vectors
                0x000000e0                __Vectors_End = .
                0x000000e0                __Vectors_Size = (__Vectors_End - __Vectors)
                0x000000e0                __end__ = .
 *(.text*)
 .text          0x000000e0       0x54 c:/siliconlabs/simplicitystudio/v3/developer/toolchains/gnu_arm/4.8_2013q4/bin/../lib/gcc/arm-none-eabi/4.8.3/armv7-m/crtbegin.o
 .text          0x00000134       0x74 c:/siliconlabs/simplicitystudio/v3/developer/toolchains/gnu_arm/4.8_2013q4/bin/../lib/gcc/arm-none-eabi/4.8.3/../../../../arm-none-eabi/lib/armv7-m/crt0.o
                0x00000134                _start
                0x00000134                _mainCRTStartup
 .text.NVIC_EnableIRQ
                0x000001a8       0x30 ./src/main.o
 .text.GPIO_PinOutClear
                0x000001d8       0x58 ./src/main.o
 .text.CHIP_Init
                0x00000230       0x40 ./src/main.o
 .text.LETIMER_IntClear
                0x00000270       0x1c ./src/main.o
 .text.LETIMER_IntEnable
                0x0000028c       0x20 ./src/main.o
 .text.LETIMER0_IRQHandler
                0x000002ac       0x1c ./src/main.o
                0x000002ac                LETIMER0_IRQHandler
 .text.main     0x000002c8       0xd0 ./src/main.o
                0x000002c8                main
 .text.BUS_RegBitWrite
                0x00000398       0x2c ./emlib/em_cmu.o
 .text.BUS_RegBitRead
                0x000003c4       0x2c ./emlib/em_cmu.o
 .text.CMU_DivToLog2
                0x000003f0       0x34 ./emlib/em_cmu.o
 .text.SYSTEM_GetProdRev
                0x00000424       0x1c ./emlib/em_cmu.o
 .text.SYSTEM_GetFamily
                0x00000440       0x20 ./emlib/em_cmu.o
 .text.maxFreqHfle
                0x00000460       0x78 ./emlib/em_cmu.o
 .text.setHfLeConfig
                0x000004d8       0x3c ./emlib/em_cmu.o
 .text.getHfLeConfig
                0x00000514       0x2c ./emlib/em_cmu.o
 .text.auxClkGet
                0x00000540       0xb0 ./emlib/em_cmu.o
 .text.dbgClkGet
                0x000005f0       0x40 ./emlib/em_cmu.o
 .text.flashWaitStateControl
                0x00000630       0xb8 ./emlib/em_cmu.o
 .text.flashWaitStateMax
                0x000006e8       0x14 ./emlib/em_cmu.o
 .text.lfClkGet
                0x000006fc       0xec ./emlib/em_cmu.o
 .text.syncReg  0x000007e8       0x34 ./emlib/em_cmu.o
 .text.usbCClkGet
                0x0000081c       0x4c ./emlib/em_cmu.o
 .text.CMU_ClockEnable
                0x00000868       0xd8 ./emlib/em_cmu.o
                0x00000868                CMU_ClockEnable
 .text.CMU_ClockFreqGet
                0x00000940      0x1d8 ./emlib/em_cmu.o
                0x00000940                CMU_ClockFreqGet
 .text.CMU_ClockSelectGet
                0x00000b18      0x15c ./emlib/em_cmu.o
                0x00000b18                CMU_ClockSelectGet
 .text.CMU_ClockSelectSet
                0x00000c74      0x2b8 ./emlib/em_cmu.o
                0x00000c74                CMU_ClockSelectSet
 .text.CMU_OscillatorEnable
                0x00000f2c       0xc0 ./emlib/em_cmu.o
                0x00000f2c                CMU_OscillatorEnable
 .text.DMA_IRQHandler
                0x00000fec       0xd8 ./emlib/em_dma.o
                0x00000fec                DMA_IRQHandler
 .text.EMU_UpdateOscConfig
                0x000010c4       0x1c ./emlib/em_emu.o
                0x000010c4                EMU_UpdateOscConfig
 .text.GPIO_PinOutClear
                0x000010e0       0x58 ./emlib/em_gpio.o
 .text.GPIO_PinOutSet
                0x00001138       0x58 ./emlib/em_gpio.o
 .text.GPIO_PinModeSet
                0x00001190      0x110 ./emlib/em_gpio.o
                0x00001190                GPIO_PinModeSet
 .text.LETIMER_CompareSet
                0x000012a0       0x58 ./emlib/em_letimer.o
                0x000012a0                LETIMER_CompareSet
 .text.LETIMER_Init
                0x000012f8       0xec ./emlib/em_letimer.o
                0x000012f8                LETIMER_Init
 .text.SYSTEM_ChipRevisionGet
                0x000013e4       0x74 ./emlib/em_system.o
                0x000013e4                SYSTEM_ChipRevisionGet
 .text          0x00001458       0x30 ./CMSIS/efm32lg/startup_gcc_efm32lg.o
                0x00001458                Reset_Handler
                0x00001484                DebugMon_Handler
                0x00001484                USART0_TX_IRQHandler
                0x00001484                I2C0_IRQHandler
                0x00001484                HardFault_Handler
                0x00001484                LEUART1_IRQHandler
                0x00001484                SysTick_Handler
                0x00001484                USART1_RX_IRQHandler
                0x00001484                PendSV_Handler
                0x00001484                NMI_Handler
                0x00001484                I2C1_IRQHandler
                0x00001484                TIMER3_IRQHandler
                0x00001484                USART1_TX_IRQHandler
                0x00001484                MSC_IRQHandler
                0x00001484                ADC0_IRQHandler
                0x00001484                UsageFault_Handler
                0x00001484                LEUART0_IRQHandler
                0x00001484                GPIO_EVEN_IRQHandler
                0x00001484                UART0_TX_IRQHandler
                0x00001484                UART1_TX_IRQHandler
                0x00001484                RTC_IRQHandler
                0x00001484                TIMER0_IRQHandler
                0x00001484                TIMER2_IRQHandler
                0x00001484                LCD_IRQHandler
                0x00001484                PCNT2_IRQHandler
                0x00001484                UART0_RX_IRQHandler
                0x00001484                TIMER1_IRQHandler
                0x00001484                USART2_RX_IRQHandler
                0x00001484                Default_Handler
                0x00001484                EMU_IRQHandler
                0x00001484                PCNT0_IRQHandler
                0x00001484                USB_IRQHandler
                0x00001484                BURTC_IRQHandler
                0x00001484                PCNT1_IRQHandler
                0x00001484                ACMP0_IRQHandler
                0x00001484                USART0_RX_IRQHandler
                0x00001484                MemManage_Handler
                0x00001484                SVC_Handler
                0x00001484                DAC0_IRQHandler
                0x00001484                UART1_RX_IRQHandler
                0x00001484                CMU_IRQHandler
                0x00001484                EBI_IRQHandler
                0x00001484                LESENSE_IRQHandler
                0x00001484                GPIO_ODD_IRQHandler
                0x00001484                AES_IRQHandler
                0x00001484                VCMP_IRQHandler
                0x00001484                BusFault_Handler
                0x00001484                USART2_TX_IRQHandler
 .text.GetProdRev
                0x00001488       0x1c ./CMSIS/efm32lg/system_efm32lg.o
 .text.SystemCoreClockGet
                0x000014a4       0x34 ./CMSIS/efm32lg/system_efm32lg.o
                0x000014a4                SystemCoreClockGet
 .text.SystemMaxCoreClockGet
                0x000014d8       0x14 ./CMSIS/efm32lg/system_efm32lg.o
                0x000014d8                SystemMaxCoreClockGet
 .text.SystemHFClockGet
                0x000014ec      0x100 ./CMSIS/efm32lg/system_efm32lg.o
                0x000014ec                SystemHFClockGet
 .text.SystemHFXOClockGet
                0x000015ec       0x18 ./CMSIS/efm32lg/system_efm32lg.o
                0x000015ec                SystemHFXOClockGet
 .text.SystemInit
                0x00001604        0xc ./CMSIS/efm32lg/system_efm32lg.o
                0x00001604                SystemInit
 .text.SystemLFRCOClockGet
                0x00001610       0x14 ./CMSIS/efm32lg/system_efm32lg.o
                0x00001610                SystemLFRCOClockGet
 .text.SystemULFRCOClockGet
                0x00001624       0x14 ./CMSIS/efm32lg/system_efm32lg.o
                0x00001624                SystemULFRCOClockGet
 .text.SystemLFXOClockGet
                0x00001638       0x18 ./CMSIS/efm32lg/system_efm32lg.o
                0x00001638                SystemLFXOClockGet
 .text.exit     0x00001650       0x28 c:/siliconlabs/simplicitystudio/v3/developer/toolchains/gnu_arm/4.8_2013q4/bin/../lib/gcc/arm-none-eabi/4.8.3/../../../../arm-none-eabi/lib/armv7-m\libc_s.a(lib_a-exit.o)
                0x00001650                exit
 .text.__libc_init_array
                0x00001678       0x4c c:/siliconlabs/simplicitystudio/v3/developer/toolchains/gnu_arm/4.8_2013q4/bin/../lib/gcc/arm-none-eabi/4.8.3/../../../../arm-none-eabi/lib/armv7-m\libc_s.a(lib_a-init.o)
                0x00001678                __libc_init_array
 .text.memset   0x000016c4       0x10 c:/siliconlabs/simplicitystudio/v3/developer/toolchains/gnu_arm/4.8_2013q4/bin/../lib/gcc/arm-none-eabi/4.8.3/../../../../arm-none-eabi/lib/armv7-m\libc_s.a(lib_a-memset.o)
                0x000016c4                memset
 .text._exit    0x000016d4        0x4 c:/siliconlabs/simplicitystudio/v3/developer/toolchains/gnu_arm/4.8_2013q4/bin/../lib/gcc/arm-none-eabi/4.8.3/../../../../arm-none-eabi/lib/armv7-m\libnosys.a(_exit.o)
                0x000016d4                _exit
 *(.init)
 .init          0x000016d8        0x4 c:/siliconlabs/simplicitystudio/v3/developer/toolchains/gnu_arm/4.8_2013q4/bin/../lib/gcc/arm-none-eabi/4.8.3/armv7-m/crti.o
                0x000016d8                _init
 .init          0x000016dc        0x8 c:/siliconlabs/simplicitystudio/v3/developer/toolchains/gnu_arm/4.8_2013q4/bin/../lib/gcc/arm-none-eabi/4.8.3/armv7-m/crtn.o
 *(.fini)
 .fini          0x000016e4        0x4 c:/siliconlabs/simplicitystudio/v3/developer/toolchains/gnu_arm/4.8_2013q4/bin/../lib/gcc/arm-none-eabi/4.8.3/armv7-m/crti.o
                0x000016e4                _fini
 .fini          0x000016e8        0x8 c:/siliconlabs/simplicitystudio/v3/developer/toolchains/gnu_arm/4.8_2013q4/bin/../lib/gcc/arm-none-eabi/4.8.3/armv7-m/crtn.o
 *crtbegin.o(.ctors)
 *crtbegin?.o(.ctors)
 *(EXCLUDE_FILE(*crtend.o *crtend?.o) .ctors)
 *(SORT(.ctors.*))
 *(.ctors)
 *crtbegin.o(.dtors)
 *crtbegin?.o(.dtors)
 *(EXCLUDE_FILE(*crtend.o *crtend?.o) .dtors)
 *(SORT(.dtors.*))
 *(.dtors)
 *(.rodata*)
 .rodata.str1.1
                0x000016f0        0x2 c:/siliconlabs/simplicitystudio/v3/developer/toolchains/gnu_arm/4.8_2013q4/bin/../lib/gcc/arm-none-eabi/4.8.3/../../../../arm-none-eabi/lib/armv7-m\libc_s.a(lib_a-impure.o)
 *fill*         0x000016f2        0x2 
 .rodata._global_impure_ptr
                0x000016f4        0x4 c:/siliconlabs/simplicitystudio/v3/developer/toolchains/gnu_arm/4.8_2013q4/bin/../lib/gcc/arm-none-eabi/4.8.3/../../../../arm-none-eabi/lib/armv7-m\libc_s.a(lib_a-impure.o)
                0x000016f4                _global_impure_ptr
 *(.eh_frame*)
 .eh_frame      0x000016f8        0x0 c:/siliconlabs/simplicitystudio/v3/developer/toolchains/gnu_arm/4.8_2013q4/bin/../lib/gcc/arm-none-eabi/4.8.3/armv7-m/crtbegin.o
 .eh_frame      0x000016f8        0x4 c:/siliconlabs/simplicitystudio/v3/developer/toolchains/gnu_arm/4.8_2013q4/bin/../lib/gcc/arm-none-eabi/4.8.3/armv7-m/crtend.o

.glue_7         0x000016fc        0x0
 .glue_7        0x00000000        0x0 linker stubs

.glue_7t        0x000016fc        0x0
 .glue_7t       0x00000000        0x0 linker stubs

.vfp11_veneer   0x000016fc        0x0
 .vfp11_veneer  0x00000000        0x0 linker stubs

.v4_bx          0x000016fc        0x0
 .v4_bx         0x00000000        0x0 linker stubs

.iplt           0x000016fc        0x0
 .iplt          0x00000000        0x0 c:/siliconlabs/simplicitystudio/v3/developer/toolchains/gnu_arm/4.8_2013q4/bin/../lib/gcc/arm-none-eabi/4.8.3/armv7-m/crtbegin.o

.ARM.extab
 *(.ARM.extab* .gnu.linkonce.armextab.*)
                0x000016fc                __exidx_start = .

.ARM.exidx      0x000016fc        0x8
 *(.ARM.exidx* .gnu.linkonce.armexidx.*)
 .ARM.exidx     0x000016fc        0x8 c:/siliconlabs/simplicitystudio/v3/developer/toolchains/gnu_arm/4.8_2013q4/bin/../lib/gcc/arm-none-eabi/4.8.3/../../../../arm-none-eabi/lib/armv7-m/crt0.o
                0x00001704                __exidx_end = .
                0x00001704                __etext = .

.rel.dyn        0x00001704        0x0
 .rel.iplt      0x00000000        0x0 c:/siliconlabs/simplicitystudio/v3/developer/toolchains/gnu_arm/4.8_2013q4/bin/../lib/gcc/arm-none-eabi/4.8.3/armv7-m/crtbegin.o

.data           0x20000000       0x74 load address 0x00001704
                0x20000000                __data_start__ = .
 *(vtable)
 *(.data*)
 .data.SystemHFXOClock
                0x20000000        0x4 ./CMSIS/efm32lg/system_efm32lg.o
 .data.SystemLFXOClock
                0x20000004        0x4 ./CMSIS/efm32lg/system_efm32lg.o
 .data.impure_data
                0x20000008       0x60 c:/siliconlabs/simplicitystudio/v3/developer/toolchains/gnu_arm/4.8_2013q4/bin/../lib/gcc/arm-none-eabi/4.8.3/../../../../arm-none-eabi/lib/armv7-m\libc_s.a(lib_a-impure.o)
                0x20000068                . = ALIGN (0x4)
 *(.ram)
                0x20000068                . = ALIGN (0x4)
                0x20000068                PROVIDE (__preinit_array_start, .)
 *(.preinit_array)
                0x20000068                PROVIDE (__preinit_array_end, .)
                0x20000068                . = ALIGN (0x4)
                0x20000068                PROVIDE (__init_array_start, .)
 *(SORT(.init_array.*))
 *(.init_array)
 .init_array    0x20000068        0x4 c:/siliconlabs/simplicitystudio/v3/developer/toolchains/gnu_arm/4.8_2013q4/bin/../lib/gcc/arm-none-eabi/4.8.3/armv7-m/crtbegin.o
                0x2000006c                PROVIDE (__init_array_end, .)
                0x2000006c                . = ALIGN (0x4)
                0x2000006c                PROVIDE (__fini_array_start, .)
 *(SORT(.fini_array.*))
 *(.fini_array)
 .fini_array    0x2000006c        0x4 c:/siliconlabs/simplicitystudio/v3/developer/toolchains/gnu_arm/4.8_2013q4/bin/../lib/gcc/arm-none-eabi/4.8.3/armv7-m/crtbegin.o
                0x20000070                PROVIDE (__fini_array_end, .)
 *(.jcr*)
 .jcr           0x20000070        0x0 c:/siliconlabs/simplicitystudio/v3/developer/toolchains/gnu_arm/4.8_2013q4/bin/../lib/gcc/arm-none-eabi/4.8.3/armv7-m/crtbegin.o
 .jcr           0x20000070        0x4 c:/siliconlabs/simplicitystudio/v3/developer/toolchains/gnu_arm/4.8_2013q4/bin/../lib/gcc/arm-none-eabi/4.8.3/armv7-m/crtend.o
                0x20000074                . = ALIGN (0x4)
                0x20000074                __data_end__ = .

.igot.plt       0x20000074        0x0 load address 0x00001778
 .igot.plt      0x00000000        0x0 c:/siliconlabs/simplicitystudio/v3/developer/toolchains/gnu_arm/4.8_2013q4/bin/../lib/gcc/arm-none-eabi/4.8.3/armv7-m/crtbegin.o

.bss            0x20000074       0x24 load address 0x00001778
                0x20000074                . = ALIGN (0x4)
                0x20000074                __bss_start__ = .
 *(.bss*)
 .bss           0x20000074       0x1c c:/siliconlabs/simplicitystudio/v3/developer/toolchains/gnu_arm/4.8_2013q4/bin/../lib/gcc/arm-none-eabi/4.8.3/armv7-m/crtbegin.o
 .bss.cmuStatus
                0x20000090        0x4 ./emlib/em_emu.o
 *(COMMON)
 COMMON         0x20000094        0x4 ./CMSIS/efm32lg/system_efm32lg.o
                0x20000094                SystemCoreClock
                0x20000098                . = ALIGN (0x4)
                0x20000098                __bss_end__ = .

.heap           0x20000098      0xc00
                0x20000098                __HeapBase = .
                0x20000098                __end__ = .
                0x20000098                end = __end__
                0x20000098                _end = __end__
 *(.heap*)
 .heap          0x20000098      0xc00 ./CMSIS/efm32lg/startup_gcc_efm32lg.o
                0x20000c98                __HeapLimit = .

.stack_dummy    0x20000098      0x400
 *(.stack*)
 .stack         0x20000098      0x400 ./CMSIS/efm32lg/startup_gcc_efm32lg.o
                0x20008000                __StackTop = (ORIGIN (RAM) + 0x8000)
                0x20007c00                __StackLimit = (__StackTop - SIZEOF (.stack_dummy))
                0x20008000                PROVIDE (__stack, __StackTop)
                0x00000001                ASSERT ((__StackLimit >= __HeapLimit), region RAM overflowed with stack)
                0x00000001                ASSERT ((0x40000 >= (__etext + SIZEOF (.data))), FLASH memory overflowed !)
OUTPUT(Assignment1.axf elf32-littlearm)

.ARM.attributes
                0x00000000       0x29
 .ARM.attributes
                0x00000000       0x1d c:/siliconlabs/simplicitystudio/v3/developer/toolchains/gnu_arm/4.8_2013q4/bin/../lib/gcc/arm-none-eabi/4.8.3/armv7-m/crti.o
 .ARM.attributes
                0x0000001d       0x2d c:/siliconlabs/simplicitystudio/v3/developer/toolchains/gnu_arm/4.8_2013q4/bin/../lib/gcc/arm-none-eabi/4.8.3/armv7-m/crtbegin.o
 .ARM.attributes
                0x0000004a       0x1b c:/siliconlabs/simplicitystudio/v3/developer/toolchains/gnu_arm/4.8_2013q4/bin/../lib/gcc/arm-none-eabi/4.8.3/../../../../arm-none-eabi/lib/armv7-m/crt0.o
 .ARM.attributes
                0x00000065       0x33 ./src/main.o
 .ARM.attributes
                0x00000098       0x33 ./emlib/em_cmu.o
 .ARM.attributes
                0x000000cb       0x33 ./emlib/em_dma.o
 .ARM.attributes
                0x000000fe       0x33 ./emlib/em_emu.o
 .ARM.attributes
                0x00000131       0x33 ./emlib/em_gpio.o
 .ARM.attributes
                0x00000164       0x33 ./emlib/em_letimer.o
 .ARM.attributes
                0x00000197       0x33 ./emlib/em_system.o
 .ARM.attributes
                0x000001ca       0x1b ./CMSIS/efm32lg/startup_gcc_efm32lg.o
 .ARM.attributes
                0x000001e5       0x33 ./CMSIS/efm32lg/system_efm32lg.o
 .ARM.attributes
                0x00000218       0x2d c:/siliconlabs/simplicitystudio/v3/developer/toolchains/gnu_arm/4.8_2013q4/bin/../lib/gcc/arm-none-eabi/4.8.3/../../../../arm-none-eabi/lib/armv7-m\libc_s.a(lib_a-exit.o)
 .ARM.attributes
                0x00000245       0x2d c:/siliconlabs/simplicitystudio/v3/developer/toolchains/gnu_arm/4.8_2013q4/bin/../lib/gcc/arm-none-eabi/4.8.3/../../../../arm-none-eabi/lib/armv7-m\libc_s.a(lib_a-impure.o)
 .ARM.attributes
                0x00000272       0x2d c:/siliconlabs/simplicitystudio/v3/developer/toolchains/gnu_arm/4.8_2013q4/bin/../lib/gcc/arm-none-eabi/4.8.3/../../../../arm-none-eabi/lib/armv7-m\libc_s.a(lib_a-init.o)
 .ARM.attributes
                0x0000029f       0x2d c:/siliconlabs/simplicitystudio/v3/developer/toolchains/gnu_arm/4.8_2013q4/bin/../lib/gcc/arm-none-eabi/4.8.3/../../../../arm-none-eabi/lib/armv7-m\libc_s.a(lib_a-memset.o)
 .ARM.attributes
                0x000002cc       0x2d c:/siliconlabs/simplicitystudio/v3/developer/toolchains/gnu_arm/4.8_2013q4/bin/../lib/gcc/arm-none-eabi/4.8.3/../../../../arm-none-eabi/lib/armv7-m\libnosys.a(_exit.o)
 .ARM.attributes
                0x000002f9       0x2d c:/siliconlabs/simplicitystudio/v3/developer/toolchains/gnu_arm/4.8_2013q4/bin/../lib/gcc/arm-none-eabi/4.8.3/armv7-m/crtend.o
 .ARM.attributes
                0x00000326       0x1d c:/siliconlabs/simplicitystudio/v3/developer/toolchains/gnu_arm/4.8_2013q4/bin/../lib/gcc/arm-none-eabi/4.8.3/armv7-m/crtn.o

.comment        0x00000000       0x70
 .comment       0x00000000       0x70 ./src/main.o
                                 0x71 (size before relaxing)
 .comment       0x00000000       0x71 ./emlib/em_cmu.o
 .comment       0x00000000       0x71 ./emlib/em_dma.o
 .comment       0x00000000       0x71 ./emlib/em_emu.o
 .comment       0x00000000       0x71 ./emlib/em_gpio.o
 .comment       0x00000000       0x71 ./emlib/em_letimer.o
 .comment       0x00000000       0x71 ./emlib/em_system.o
 .comment       0x00000000       0x71 ./CMSIS/efm32lg/system_efm32lg.o

.debug_info     0x00000000     0x5277
 .debug_info    0x00000000      0xb20 ./src/main.o
 .debug_info    0x00000b20     0x1390 ./emlib/em_cmu.o
 .debug_info    0x00001eb0     0x12bd ./emlib/em_dma.o
 .debug_info    0x0000316d      0xd80 ./emlib/em_emu.o
 .debug_info    0x00003eed      0x648 ./emlib/em_gpio.o
 .debug_info    0x00004535      0x502 ./emlib/em_letimer.o
 .debug_info    0x00004a37      0x245 ./emlib/em_system.o
 .debug_info    0x00004c7c       0x9a ./CMSIS/efm32lg/startup_gcc_efm32lg.o
 .debug_info    0x00004d16      0x561 ./CMSIS/efm32lg/system_efm32lg.o

.debug_abbrev   0x00000000      0xf4e
 .debug_abbrev  0x00000000      0x1e5 ./src/main.o
 .debug_abbrev  0x000001e5      0x2f8 ./emlib/em_cmu.o
 .debug_abbrev  0x000004dd      0x23b ./emlib/em_dma.o
 .debug_abbrev  0x00000718      0x254 ./emlib/em_emu.o
 .debug_abbrev  0x0000096c      0x1cf ./emlib/em_gpio.o
 .debug_abbrev  0x00000b3b      0x1a3 ./emlib/em_letimer.o
 .debug_abbrev  0x00000cde       0xef ./emlib/em_system.o
 .debug_abbrev  0x00000dcd       0x14 ./CMSIS/efm32lg/startup_gcc_efm32lg.o
 .debug_abbrev  0x00000de1      0x16d ./CMSIS/efm32lg/system_efm32lg.o

.debug_loc      0x00000000     0x1944
 .debug_loc     0x00000000      0x17c ./src/main.o
 .debug_loc     0x0000017c      0x8d0 ./emlib/em_cmu.o
 .debug_loc     0x00000a4c      0x498 ./emlib/em_dma.o
 .debug_loc     0x00000ee4      0x3b4 ./emlib/em_emu.o
 .debug_loc     0x00001298      0x268 ./emlib/em_gpio.o
 .debug_loc     0x00001500      0x1c0 ./emlib/em_letimer.o
 .debug_loc     0x000016c0       0x70 ./emlib/em_system.o
 .debug_loc     0x00001730      0x214 ./CMSIS/efm32lg/system_efm32lg.o

.debug_aranges  0x00000000      0x4a0
 .debug_aranges
                0x00000000       0x50 ./src/main.o
 .debug_aranges
                0x00000050      0x168 ./emlib/em_cmu.o
 .debug_aranges
                0x000001b8       0xc0 ./emlib/em_dma.o
 .debug_aranges
                0x00000278       0xa8 ./emlib/em_emu.o
 .debug_aranges
                0x00000320       0x70 ./emlib/em_gpio.o
 .debug_aranges
                0x00000390       0x58 ./emlib/em_letimer.o
 .debug_aranges
                0x000003e8       0x28 ./emlib/em_system.o
 .debug_aranges
                0x00000410       0x20 ./CMSIS/efm32lg/startup_gcc_efm32lg.o
 .debug_aranges
                0x00000430       0x70 ./CMSIS/efm32lg/system_efm32lg.o

.debug_ranges   0x00000000      0x400
 .debug_ranges  0x00000000       0x40 ./src/main.o
 .debug_ranges  0x00000040      0x158 ./emlib/em_cmu.o
 .debug_ranges  0x00000198       0xb0 ./emlib/em_dma.o
 .debug_ranges  0x00000248       0x98 ./emlib/em_emu.o
 .debug_ranges  0x000002e0       0x60 ./emlib/em_gpio.o
 .debug_ranges  0x00000340       0x48 ./emlib/em_letimer.o
 .debug_ranges  0x00000388       0x18 ./emlib/em_system.o
 .debug_ranges  0x000003a0       0x60 ./CMSIS/efm32lg/system_efm32lg.o

.debug_line     0x00000000     0x2068
 .debug_line    0x00000000      0x2e3 ./src/main.o
 .debug_line    0x000002e3      0x930 ./emlib/em_cmu.o
 .debug_line    0x00000c13      0x4bc ./emlib/em_dma.o
 .debug_line    0x000010cf      0x47d ./emlib/em_emu.o
 .debug_line    0x0000154c      0x348 ./emlib/em_gpio.o
 .debug_line    0x00001894      0x2d7 ./emlib/em_letimer.o
 .debug_line    0x00001b6b      0x213 ./emlib/em_system.o
 .debug_line    0x00001d7e       0x72 ./CMSIS/efm32lg/startup_gcc_efm32lg.o
 .debug_line    0x00001df0      0x278 ./CMSIS/efm32lg/system_efm32lg.o

.debug_str      0x00000000     0x2431
 .debug_str     0x00000000      0xc24 ./src/main.o
                                0xc8b (size before relaxing)
 .debug_str     0x00000c24      0xa02 ./emlib/em_cmu.o
                                0xf9d (size before relaxing)
 .debug_str     0x00001626      0x5f7 ./emlib/em_dma.o
                                0xd59 (size before relaxing)
 .debug_str     0x00001c1d      0x47f ./emlib/em_emu.o
                                0x82d (size before relaxing)
 .debug_str     0x0000209c      0x15b ./emlib/em_gpio.o
                                0x5e5 (size before relaxing)
 .debug_str     0x000021f7       0xb3 ./emlib/em_letimer.o
                                0x427 (size before relaxing)
 .debug_str     0x000022aa       0x7b ./emlib/em_system.o
                                0x2b7 (size before relaxing)
 .debug_str     0x00002325      0x10c ./CMSIS/efm32lg/system_efm32lg.o
                                0x494 (size before relaxing)

.debug_frame    0x00000000      0xea0
 .debug_frame   0x00000000       0xdc ./src/main.o
 .debug_frame   0x000000dc      0x4dc ./emlib/em_cmu.o
 .debug_frame   0x000005b8      0x27c ./emlib/em_dma.o
 .debug_frame   0x00000834      0x210 ./emlib/em_emu.o
 .debug_frame   0x00000a44      0x154 ./emlib/em_gpio.o
 .debug_frame   0x00000b98       0xf4 ./emlib/em_letimer.o
 .debug_frame   0x00000c8c       0x48 ./emlib/em_system.o
 .debug_frame   0x00000cd4      0x138 ./CMSIS/efm32lg/system_efm32lg.o
 .debug_frame   0x00000e0c       0x28 c:/siliconlabs/simplicitystudio/v3/developer/toolchains/gnu_arm/4.8_2013q4/bin/../lib/gcc/arm-none-eabi/4.8.3/../../../../arm-none-eabi/lib/armv7-m\libc_s.a(lib_a-exit.o)
 .debug_frame   0x00000e34       0x2c c:/siliconlabs/simplicitystudio/v3/developer/toolchains/gnu_arm/4.8_2013q4/bin/../lib/gcc/arm-none-eabi/4.8.3/../../../../arm-none-eabi/lib/armv7-m\libc_s.a(lib_a-init.o)
 .debug_frame   0x00000e60       0x20 c:/siliconlabs/simplicitystudio/v3/developer/toolchains/gnu_arm/4.8_2013q4/bin/../lib/gcc/arm-none-eabi/4.8.3/../../../../arm-none-eabi/lib/armv7-m\libc_s.a(lib_a-memset.o)
 .debug_frame   0x00000e80       0x20 c:/siliconlabs/simplicitystudio/v3/developer/toolchains/gnu_arm/4.8_2013q4/bin/../lib/gcc/arm-none-eabi/4.8.3/../../../../arm-none-eabi/lib/armv7-m\libnosys.a(_exit.o)
