Archive member included because of file (symbol)

c:/siliconlabs/simplicitystudio/v3/developer/toolchains/gnu_arm/4.8_2013q4/bin/../lib/gcc/arm-none-eabi/4.8.3/armv7-m\libgcc.a(_arm_addsubdf3.o)
                              ./src/main.o (__aeabi_ui2d)
c:/siliconlabs/simplicitystudio/v3/developer/toolchains/gnu_arm/4.8_2013q4/bin/../lib/gcc/arm-none-eabi/4.8.3/armv7-m\libgcc.a(_arm_muldivdf3.o)
                              ./src/main.o (__aeabi_dmul)
c:/siliconlabs/simplicitystudio/v3/developer/toolchains/gnu_arm/4.8_2013q4/bin/../lib/gcc/arm-none-eabi/4.8.3/armv7-m\libgcc.a(_arm_fixunsdfsi.o)
                              ./src/main.o (__aeabi_d2uiz)
c:/siliconlabs/simplicitystudio/v3/developer/toolchains/gnu_arm/4.8_2013q4/bin/../lib/gcc/arm-none-eabi/4.8.3/armv7-m\libgcc.a(_arm_truncdfsf2.o)
                              ./src/main.o (__aeabi_d2f)
c:/siliconlabs/simplicitystudio/v3/developer/toolchains/gnu_arm/4.8_2013q4/bin/../lib/gcc/arm-none-eabi/4.8.3/armv7-m\libgcc.a(_arm_addsubsf3.o)
                              ./src/main.o (__aeabi_fsub)
c:/siliconlabs/simplicitystudio/v3/developer/toolchains/gnu_arm/4.8_2013q4/bin/../lib/gcc/arm-none-eabi/4.8.3/armv7-m\libgcc.a(_arm_muldivsf3.o)
                              ./src/main.o (__aeabi_fdiv)
c:/siliconlabs/simplicitystudio/v3/developer/toolchains/gnu_arm/4.8_2013q4/bin/../lib/gcc/arm-none-eabi/4.8.3/armv7-m\libgcc.a(_arm_cmpsf2.o)
                              ./src/main.o (__aeabi_fcmplt)
c:/siliconlabs/simplicitystudio/v3/developer/toolchains/gnu_arm/4.8_2013q4/bin/../lib/gcc/arm-none-eabi/4.8.3/armv7-m\libgcc.a(_arm_fixsfsi.o)
                              ./src/main.o (__aeabi_f2iz)
c:/siliconlabs/simplicitystudio/v3/developer/toolchains/gnu_arm/4.8_2013q4/bin/../lib/gcc/arm-none-eabi/4.8.3/armv7-m\libgcc.a(_arm_fixunssfsi.o)
                              ./src/main.o (__aeabi_f2uiz)
c:/siliconlabs/simplicitystudio/v3/developer/toolchains/gnu_arm/4.8_2013q4/bin/../lib/gcc/arm-none-eabi/4.8.3/armv7-m\libgcc.a(_aeabi_uldivmod.o)
                              ./emlib/em_usart.o (__aeabi_uldivmod)
c:/siliconlabs/simplicitystudio/v3/developer/toolchains/gnu_arm/4.8_2013q4/bin/../lib/gcc/arm-none-eabi/4.8.3/armv7-m\libgcc.a(bpabi.o)
                              c:/siliconlabs/simplicitystudio/v3/developer/toolchains/gnu_arm/4.8_2013q4/bin/../lib/gcc/arm-none-eabi/4.8.3/armv7-m\libgcc.a(_aeabi_uldivmod.o) (__gnu_uldivmod_helper)
c:/siliconlabs/simplicitystudio/v3/developer/toolchains/gnu_arm/4.8_2013q4/bin/../lib/gcc/arm-none-eabi/4.8.3/armv7-m\libgcc.a(_dvmd_tls.o)
                              c:/siliconlabs/simplicitystudio/v3/developer/toolchains/gnu_arm/4.8_2013q4/bin/../lib/gcc/arm-none-eabi/4.8.3/armv7-m\libgcc.a(_aeabi_uldivmod.o) (__aeabi_ldiv0)
c:/siliconlabs/simplicitystudio/v3/developer/toolchains/gnu_arm/4.8_2013q4/bin/../lib/gcc/arm-none-eabi/4.8.3/armv7-m\libgcc.a(_divdi3.o)
                              c:/siliconlabs/simplicitystudio/v3/developer/toolchains/gnu_arm/4.8_2013q4/bin/../lib/gcc/arm-none-eabi/4.8.3/armv7-m\libgcc.a(bpabi.o) (__divdi3)
c:/siliconlabs/simplicitystudio/v3/developer/toolchains/gnu_arm/4.8_2013q4/bin/../lib/gcc/arm-none-eabi/4.8.3/armv7-m\libgcc.a(_udivdi3.o)
                              c:/siliconlabs/simplicitystudio/v3/developer/toolchains/gnu_arm/4.8_2013q4/bin/../lib/gcc/arm-none-eabi/4.8.3/armv7-m\libgcc.a(bpabi.o) (__udivdi3)
c:/siliconlabs/simplicitystudio/v3/developer/toolchains/gnu_arm/4.8_2013q4/bin/../lib/gcc/arm-none-eabi/4.8.3/../../../../arm-none-eabi/lib/armv7-m\libc_s.a(lib_a-exit.o)
                              c:/siliconlabs/simplicitystudio/v3/developer/toolchains/gnu_arm/4.8_2013q4/bin/../lib/gcc/arm-none-eabi/4.8.3/../../../../arm-none-eabi/lib/armv7-m/crt0.o (exit)
c:/siliconlabs/simplicitystudio/v3/developer/toolchains/gnu_arm/4.8_2013q4/bin/../lib/gcc/arm-none-eabi/4.8.3/../../../../arm-none-eabi/lib/armv7-m\libc_s.a(lib_a-impure.o)
                              c:/siliconlabs/simplicitystudio/v3/developer/toolchains/gnu_arm/4.8_2013q4/bin/../lib/gcc/arm-none-eabi/4.8.3/../../../../arm-none-eabi/lib/armv7-m\libc_s.a(lib_a-exit.o) (_global_impure_ptr)
c:/siliconlabs/simplicitystudio/v3/developer/toolchains/gnu_arm/4.8_2013q4/bin/../lib/gcc/arm-none-eabi/4.8.3/../../../../arm-none-eabi/lib/armv7-m\libc_s.a(lib_a-init.o)
                              c:/siliconlabs/simplicitystudio/v3/developer/toolchains/gnu_arm/4.8_2013q4/bin/../lib/gcc/arm-none-eabi/4.8.3/../../../../arm-none-eabi/lib/armv7-m/crt0.o (__libc_init_array)
c:/siliconlabs/simplicitystudio/v3/developer/toolchains/gnu_arm/4.8_2013q4/bin/../lib/gcc/arm-none-eabi/4.8.3/../../../../arm-none-eabi/lib/armv7-m\libc_s.a(lib_a-memset.o)
                              c:/siliconlabs/simplicitystudio/v3/developer/toolchains/gnu_arm/4.8_2013q4/bin/../lib/gcc/arm-none-eabi/4.8.3/../../../../arm-none-eabi/lib/armv7-m/crt0.o (memset)
[...]
Memory Configuration

Name             Origin             Length             Attributes
FLASH            0x00000000         0x00040000         xr
RAM              0x20000000         0x00008000         xrw
*default*        0x00000000         0xffffffff

Linker script and memory map

LOAD c:/siliconlabs/simplicitystudio/v3/developer/toolchains/gnu_arm/4.8_2013q4/bin/../lib/gcc/arm-none-eabi/4.8.3/armv7-m/crti.o
LOAD c:/siliconlabs/simplicitystudio/v3/developer/toolchains/gnu_arm/4.8_2013q4/bin/../lib/gcc/arm-none-eabi/4.8.3/armv7-m/crtbegin.o
LOAD c:/siliconlabs/simplicitystudio/v3/developer/toolchains/gnu_arm/4.8_2013q4/bin/../lib/gcc/arm-none-eabi/4.8.3/../../../../arm-none-eabi/lib/armv7-m/crt0.o
LOAD ./src/InitDevice.o
LOAD ./src/main.o
LOAD ./emlib/dmactrl.o
LOAD ./emlib/em_acmp.o
LOAD ./emlib/em_adc.o
LOAD ./emlib/em_aes.o
LOAD ./emlib/em_assert.o
LOAD ./emlib/em_burtc.o
LOAD ./emlib/em_cmu.o
LOAD ./emlib/em_cryotimer.o
LOAD ./emlib/em_crypto.o
LOAD ./emlib/em_dac.o
LOAD ./emlib/em_dbg.o
LOAD ./emlib/em_dma.o
LOAD ./emlib/em_ebi.o
LOAD ./emlib/em_emu.o
LOAD ./emlib/em_gpcrc.o
LOAD ./emlib/em_gpio.o
LOAD ./emlib/em_i2c.o
LOAD ./emlib/em_idac.o
LOAD ./emlib/em_int.o
LOAD ./emlib/em_lcd.o
LOAD ./emlib/em_ldma.o
LOAD ./emlib/em_lesense.o
LOAD ./emlib/em_letimer.o
LOAD ./emlib/em_leuart.o
LOAD ./emlib/em_mpu.o
LOAD ./emlib/em_msc.o
LOAD ./emlib/em_opamp.o
LOAD ./emlib/em_pcnt.o
LOAD ./emlib/em_prs.o
LOAD ./emlib/em_rmu.o
LOAD ./emlib/em_rtc.o
LOAD ./emlib/em_rtcc.o
LOAD ./emlib/em_system.o
LOAD ./emlib/em_timer.o
LOAD ./emlib/em_usart.o
LOAD ./emlib/em_vcmp.o
LOAD ./emlib/em_wdog.o
LOAD ./CMSIS/efm32lg/startup_gcc_efm32lg.o
LOAD ./CMSIS/efm32lg/system_efm32lg.o
START GROUP
LOAD c:/siliconlabs/simplicitystudio/v3/developer/toolchains/gnu_arm/4.8_2013q4/bin/../lib/gcc/arm-none-eabi/4.8.3/armv7-m\libgcc.a
LOAD c:/siliconlabs/simplicitystudio/v3/developer/toolchains/gnu_arm/4.8_2013q4/bin/../lib/gcc/arm-none-eabi/4.8.3/../../../../arm-none-eabi/lib/armv7-m\libc_s.a
LOAD c:/siliconlabs/simplicitystudio/v3/developer/toolchains/gnu_arm/4.8_2013q4/bin/../lib/gcc/arm-none-eabi/4.8.3/../../../../arm-none-eabi/lib/armv7-m\libnosys.a
END GROUP
START GROUP
LOAD c:/siliconlabs/simplicitystudio/v3/developer/toolchains/gnu_arm/4.8_2013q4/bin/../lib/gcc/arm-none-eabi/4.8.3/armv7-m\libgcc.a
LOAD c:/siliconlabs/simplicitystudio/v3/developer/toolchains/gnu_arm/4.8_2013q4/bin/../lib/gcc/arm-none-eabi/4.8.3/../../../../arm-none-eabi/lib/armv7-m\libg_s.a
LOAD c:/siliconlabs/simplicitystudio/v3/developer/toolchains/gnu_arm/4.8_2013q4/bin/../lib/gcc/arm-none-eabi/4.8.3/../../../../arm-none-eabi/lib/armv7-m\libc_s.a
END GROUP
START GROUP
LOAD c:/siliconlabs/simplicitystudio/v3/developer/toolchains/gnu_arm/4.8_2013q4/bin/../lib/gcc/arm-none-eabi/4.8.3/armv7-m\libgcc.a
LOAD c:/siliconlabs/simplicitystudio/v3/developer/toolchains/gnu_arm/4.8_2013q4/bin/../lib/gcc/arm-none-eabi/4.8.3/../../../../arm-none-eabi/lib/armv7-m\libc_s.a
END GROUP
LOAD c:/siliconlabs/simplicitystudio/v3/developer/toolchains/gnu_arm/4.8_2013q4/bin/../lib/gcc/arm-none-eabi/4.8.3/armv7-m/crtend.o
LOAD c:/siliconlabs/simplicitystudio/v3/developer/toolchains/gnu_arm/4.8_2013q4/bin/../lib/gcc/arm-none-eabi/4.8.3/armv7-m/crtn.o

.text           0x00000000     0x40c4
 *(.vectors)
 .vectors       0x00000000       0xe0 ./CMSIS/efm32lg/startup_gcc_efm32lg.o
                0x00000000                __Vectors
                0x000000e0                __Vectors_End = .
                0x000000e0                __Vectors_Size = (__Vectors_End - __Vectors)
                0x000000e0                __end__ = .
 *(.text*)
 .text          0x000000e0       0x54 c:/siliconlabs/simplicitystudio/v3/developer/toolchains/gnu_arm/4.8_2013q4/bin/../lib/gcc/arm-none-eabi/4.8.3/armv7-m/crtbegin.o
 .text          0x00000134       0x74 c:/siliconlabs/simplicitystudio/v3/developer/toolchains/gnu_arm/4.8_2013q4/bin/../lib/gcc/arm-none-eabi/4.8.3/../../../../arm-none-eabi/lib/armv7-m/crt0.o
                0x00000134                _start
                0x00000134                _mainCRTStartup
 .text.NVIC_EnableIRQ
                0x000001a8       0x30 ./src/main.o
 .text.EMU_EnterEM1
                0x000001d8       0x20 ./src/main.o
 .text.LETIMER_IntClear
                0x000001f8       0x1c ./src/main.o
 .text.LETIMER_IntEnable
                0x00000214       0x20 ./src/main.o
 .text.TIMER_Enable
                0x00000234       0x5c ./src/main.o
 .text.GPIO_IntClear
                0x00000290       0x20 ./src/main.o
 .text.GPIO_PinOutClear
                0x000002b0       0x58 ./src/main.o
 .text.GPIO_PinOutSet
                0x00000308       0x58 ./src/main.o
 .text.CHIP_Init
                0x00000360       0x40 ./src/main.o
 .text.ADC_IntClear
                0x000003a0       0x1c ./src/main.o
 .text.ADC_Start
                0x000003bc       0x1c ./src/main.o
 .text.INT_Disable
                0x000003d8       0x2c ./src/main.o
 .text.INT_Enable
                0x00000404       0x3c ./src/main.o
 .text.convertToCelsius
                0x00000440       0x6c ./src/main.o
                0x00000440                convertToCelsius
 .text.GPIO_ODD_IRQHandler
                0x000004ac       0xfc ./src/main.o
                0x000004ac                GPIO_ODD_IRQHandler
 .text.transferComplete
                0x000005a8      0x114 ./src/main.o
                0x000005a8                transferComplete
 .text.CMU_Setup
                0x000006bc       0x64 ./src/main.o
                0x000006bc                CMU_Setup
 .text.LETIMER0_Setup
                0x00000720      0x100 ./src/main.o
                0x00000720                LETIMER0_Setup
 .text.GPIO_Setup
                0x00000820       0x38 ./src/main.o
                0x00000820                GPIO_Setup
 .text.LETIMER0_IRQHandler
                0x00000858      0x124 ./src/main.o
                0x00000858                LETIMER0_IRQHandler
 .text.sleep    0x0000097c       0x40 ./src/main.o
                0x0000097c                sleep
 .text.blockSleepMode
                0x000009bc       0x2c ./src/main.o
                0x000009bc                blockSleepMode
 .text.unblockSleepMode
                0x000009e8       0x44 ./src/main.o
                0x000009e8                unblockSleepMode
 .text.calibrate
                0x00000a2c      0x260 ./src/main.o
                0x00000a2c                calibrate
 .text.setupAdc
                0x00000c8c       0x88 ./src/main.o
                0x00000c8c                setupAdc
 .text.setupDma
                0x00000d14       0x74 ./src/main.o
                0x00000d14                setupDma
 .text.ADC0_IRQHandler
                0x00000d88      0x144 ./src/main.o
                0x00000d88                ADC0_IRQHandler
 .text.i2c_Reg  0x00000ecc       0xb4 ./src/main.o
                0x00000ecc                i2c_Reg
 .text.i2c_TSL2561_Setup
                0x00000f80       0x6c ./src/main.o
                0x00000f80                i2c_TSL2561_Setup
 .text.GPIOINT_Setup
                0x00000fec       0x30 ./src/main.o
                0x00000fec                GPIOINT_Setup
 .text.setupI2C
                0x0000101c       0xb8 ./src/main.o
                0x0000101c                setupI2C
 .text.main     0x000010d4       0x28 ./src/main.o
                0x000010d4                main
 .text.ADC_LoadDevinfoCal
                0x000010fc      0x120 ./emlib/em_adc.o
 .text.ADC_Init
                0x0000121c       0x88 ./emlib/em_adc.o
                0x0000121c                ADC_Init
 .text.ADC_InitSingle
                0x000012a4       0x98 ./emlib/em_adc.o
                0x000012a4                ADC_InitSingle
 .text.ADC_PrescaleCalc
                0x0000133c       0x64 ./emlib/em_adc.o
                0x0000133c                ADC_PrescaleCalc
 .text.BUS_RegBitWrite
                0x000013a0       0x2c ./emlib/em_cmu.o
 .text.BUS_RegBitRead
                0x000013cc       0x2c ./emlib/em_cmu.o
 .text.CMU_DivToLog2
                0x000013f8       0x34 ./emlib/em_cmu.o
 .text.SYSTEM_GetProdRev
                0x0000142c       0x1c ./emlib/em_cmu.o
 .text.SYSTEM_GetFamily
                0x00001448       0x20 ./emlib/em_cmu.o
 .text.maxFreqHfle
                0x00001468       0x78 ./emlib/em_cmu.o
 .text.setHfLeConfig
                0x000014e0       0x3c ./emlib/em_cmu.o
 .text.getHfLeConfig
                0x0000151c       0x2c ./emlib/em_cmu.o
 .text.auxClkGet
                0x00001548       0xb0 ./emlib/em_cmu.o
 .text.dbgClkGet
                0x000015f8       0x40 ./emlib/em_cmu.o
 .text.flashWaitStateControl
                0x00001638       0xb8 ./emlib/em_cmu.o
 .text.flashWaitStateMax
                0x000016f0       0x14 ./emlib/em_cmu.o
 .text.lfClkGet
                0x00001704       0xec ./emlib/em_cmu.o
 .text.syncReg  0x000017f0       0x34 ./emlib/em_cmu.o
 .text.usbCClkGet
                0x00001824       0x4c ./emlib/em_cmu.o
 .text.CMU_ClockEnable
                0x00001870       0xd8 ./emlib/em_cmu.o
                0x00001870                CMU_ClockEnable
 .text.CMU_ClockFreqGet
                0x00001948      0x1d8 ./emlib/em_cmu.o
                0x00001948                CMU_ClockFreqGet
 .text.CMU_ClockSelectGet
                0x00001b20      0x15c ./emlib/em_cmu.o
                0x00001b20                CMU_ClockSelectGet
 .text.CMU_ClockSelectSet
                0x00001c7c      0x2b8 ./emlib/em_cmu.o
                0x00001c7c                CMU_ClockSelectSet
 .text.CMU_OscillatorEnable
                0x00001f34       0xc0 ./emlib/em_cmu.o
                0x00001f34                CMU_OscillatorEnable
 .text.NVIC_EnableIRQ
                0x00001ff4       0x30 ./emlib/em_dma.o
 .text.NVIC_DisableIRQ
                0x00002024       0x34 ./emlib/em_dma.o
 .text.NVIC_ClearPendingIRQ
                0x00002058       0x34 ./emlib/em_dma.o
 .text.BUS_RegBitWrite
                0x0000208c       0x2c ./emlib/em_dma.o
 .text.DMA_Prepare
                0x000020b8      0x108 ./emlib/em_dma.o
 .text.DMA_IRQHandler
                0x000021c0       0xd8 ./emlib/em_dma.o
                0x000021c0                DMA_IRQHandler
 .text.DMA_ActivateBasic
                0x00002298       0x40 ./emlib/em_dma.o
                0x00002298                DMA_ActivateBasic
 .text.DMA_CfgChannel
                0x000022d8       0x90 ./emlib/em_dma.o
                0x000022d8                DMA_CfgChannel
 .text.DMA_CfgDescr
                0x00002368       0x70 ./emlib/em_dma.o
                0x00002368                DMA_CfgDescr
 .text.DMA_Init
                0x000023d8       0x54 ./emlib/em_dma.o
                0x000023d8                DMA_Init
 .text.DMA_Reset
                0x0000242c       0x88 ./emlib/em_dma.o
                0x0000242c                DMA_Reset
 .text.SystemCoreClockUpdate
                0x000024b4        0xc ./emlib/em_emu.o
 .text.CMU_Lock
                0x000024c0       0x18 ./emlib/em_emu.o
 .text.CMU_Unlock
                0x000024d8       0x1c ./emlib/em_emu.o
 .text.emuRestore
                0x000024f4       0xf0 ./emlib/em_emu.o
 .text.getErrataFixEmuE107En
                0x000025e4       0x68 ./emlib/em_emu.o
 .text.EMU_EnterEM2
                0x0000264c       0x9c ./emlib/em_emu.o
                0x0000264c                EMU_EnterEM2
 .text.EMU_EnterEM3
                0x000026e8       0xbc ./emlib/em_emu.o
                0x000026e8                EMU_EnterEM3
 .text.EMU_UpdateOscConfig
                0x000027a4       0x1c ./emlib/em_emu.o
                0x000027a4                EMU_UpdateOscConfig
 .text.BUS_RegBitWrite
                0x000027c0       0x2c ./emlib/em_gpio.o
 .text.BUS_RegMaskedWrite
                0x000027ec       0x28 ./emlib/em_gpio.o
 .text.GPIO_PinOutClear
                0x00002814       0x58 ./emlib/em_gpio.o
 .text.GPIO_PinOutSet
                0x0000286c       0x58 ./emlib/em_gpio.o
 .text.GPIO_ExtIntConfig
                0x000028c4       0xcc ./emlib/em_gpio.o
                0x000028c4                GPIO_ExtIntConfig
 .text.GPIO_PinModeSet
                0x00002990      0x110 ./emlib/em_gpio.o
                0x00002990                GPIO_PinModeSet
 .text.BUS_RegBitWrite
                0x00002aa0       0x2c ./emlib/em_i2c.o
 .text.BUS_RegMaskedWrite
                0x00002acc       0x28 ./emlib/em_i2c.o
 .text.I2C_BusFreqSet
                0x00002af4       0xfc ./emlib/em_i2c.o
                0x00002af4                I2C_BusFreqSet
 .text.I2C_Init
                0x00002bf0       0x78 ./emlib/em_i2c.o
                0x00002bf0                I2C_Init
 .text.LETIMER_CompareSet
                0x00002c68       0x58 ./emlib/em_letimer.o
                0x00002c68                LETIMER_CompareSet
 .text.LETIMER_Enable
                0x00002cc0       0x2c ./emlib/em_letimer.o
                0x00002cc0                LETIMER_Enable
 .text.LETIMER_Init
                0x00002cec       0xec ./emlib/em_letimer.o
                0x00002cec                LETIMER_Init
 .text.SYSTEM_ChipRevisionGet
                0x00002dd8       0x74 ./emlib/em_system.o
                0x00002dd8                SYSTEM_ChipRevisionGet
 .text.TIMER_Init
                0x00002e4c      0x10c ./emlib/em_timer.o
                0x00002e4c                TIMER_Init
 .text          0x00002f58       0x30 ./CMSIS/efm32lg/startup_gcc_efm32lg.o
                0x00002f58                Reset_Handler
                0x00002f84                DebugMon_Handler
                0x00002f84                USART0_TX_IRQHandler
                0x00002f84                I2C0_IRQHandler
                0x00002f84                HardFault_Handler
                0x00002f84                LEUART1_IRQHandler
                0x00002f84                SysTick_Handler
                0x00002f84                USART1_RX_IRQHandler
                0x00002f84                PendSV_Handler
                0x00002f84                NMI_Handler
                0x00002f84                I2C1_IRQHandler
                0x00002f84                TIMER3_IRQHandler
                0x00002f84                USART1_TX_IRQHandler
                0x00002f84                MSC_IRQHandler
                0x00002f84                UsageFault_Handler
                0x00002f84                LEUART0_IRQHandler
                0x00002f84                GPIO_EVEN_IRQHandler
                0x00002f84                UART0_TX_IRQHandler
                0x00002f84                UART1_TX_IRQHandler
                0x00002f84                RTC_IRQHandler
                0x00002f84                TIMER0_IRQHandler
                0x00002f84                TIMER2_IRQHandler
                0x00002f84                LCD_IRQHandler
                0x00002f84                PCNT2_IRQHandler
                0x00002f84                UART0_RX_IRQHandler
                0x00002f84                TIMER1_IRQHandler
                0x00002f84                USART2_RX_IRQHandler
                0x00002f84                Default_Handler
                0x00002f84                EMU_IRQHandler
                0x00002f84                PCNT0_IRQHandler
                0x00002f84                USB_IRQHandler
                0x00002f84                BURTC_IRQHandler
                0x00002f84                PCNT1_IRQHandler
                0x00002f84                ACMP0_IRQHandler
                0x00002f84                USART0_RX_IRQHandler
                0x00002f84                MemManage_Handler
                0x00002f84                SVC_Handler
                0x00002f84                DAC0_IRQHandler
                0x00002f84                UART1_RX_IRQHandler
                0x00002f84                CMU_IRQHandler
                0x00002f84                EBI_IRQHandler
                0x00002f84                LESENSE_IRQHandler
                0x00002f84                AES_IRQHandler
                0x00002f84                VCMP_IRQHandler
                0x00002f84                BusFault_Handler
                0x00002f84                USART2_TX_IRQHandler
 .text.GetProdRev
                0x00002f88       0x1c ./CMSIS/efm32lg/system_efm32lg.o
 .text.SystemCoreClockGet
                0x00002fa4       0x34 ./CMSIS/efm32lg/system_efm32lg.o
                0x00002fa4                SystemCoreClockGet
 .text.SystemMaxCoreClockGet
                0x00002fd8       0x14 ./CMSIS/efm32lg/system_efm32lg.o
                0x00002fd8                SystemMaxCoreClockGet
 .text.SystemHFClockGet
                0x00002fec      0x100 ./CMSIS/efm32lg/system_efm32lg.o
                0x00002fec                SystemHFClockGet
 .text.SystemHFXOClockGet
                0x000030ec       0x18 ./CMSIS/efm32lg/system_efm32lg.o
                0x000030ec                SystemHFXOClockGet
 .text.SystemInit
                0x00003104        0xc ./CMSIS/efm32lg/system_efm32lg.o
                0x00003104                SystemInit
 .text.SystemLFRCOClockGet
                0x00003110       0x14 ./CMSIS/efm32lg/system_efm32lg.o
                0x00003110                SystemLFRCOClockGet
 .text.SystemULFRCOClockGet
                0x00003124       0x14 ./CMSIS/efm32lg/system_efm32lg.o
                0x00003124                SystemULFRCOClockGet
 .text.SystemLFXOClockGet
                0x00003138       0x18 ./CMSIS/efm32lg/system_efm32lg.o
                0x00003138                SystemLFXOClockGet
 .text          0x00003150      0x370 c:/siliconlabs/simplicitystudio/v3/developer/toolchains/gnu_arm/4.8_2013q4/bin/../lib/gcc/arm-none-eabi/4.8.3/armv7-m\libgcc.a(_arm_addsubdf3.o)
                0x00003150                __aeabi_drsub
                0x00003158                __aeabi_dsub
                0x00003158                __subdf3
                0x0000315c                __aeabi_dadd
                0x0000315c                __adddf3
                0x000033d4                __floatunsidf
                0x000033d4                __aeabi_ui2d
                0x000033f4                __floatsidf
                0x000033f4                __aeabi_i2d
                0x00003418                __aeabi_f2d
                0x00003418                __extendsfdf2
                0x00003454                __floatundidf
                0x00003454                __aeabi_ul2d
                0x00003464                __floatdidf
                0x00003464                __aeabi_l2d
 .text          0x000034c0      0x424 c:/siliconlabs/simplicitystudio/v3/developer/toolchains/gnu_arm/4.8_2013q4/bin/../lib/gcc/arm-none-eabi/4.8.3/armv7-m\libgcc.a(_arm_muldivdf3.o)
                0x000034c0                __aeabi_dmul
                0x000034c0                __muldf3
                0x00003714                __divdf3
                0x00003714                __aeabi_ddiv
 .text          0x000038e4       0x40 c:/siliconlabs/simplicitystudio/v3/developer/toolchains/gnu_arm/4.8_2013q4/bin/../lib/gcc/arm-none-eabi/4.8.3/armv7-m\libgcc.a(_arm_fixunsdfsi.o)
                0x000038e4                __aeabi_d2uiz
                0x000038e4                __fixunsdfsi
 .text          0x00003924       0xa0 c:/siliconlabs/simplicitystudio/v3/developer/toolchains/gnu_arm/4.8_2013q4/bin/../lib/gcc/arm-none-eabi/4.8.3/armv7-m\libgcc.a(_arm_truncdfsf2.o)
                0x00003924                __truncdfsf2
                0x00003924                __aeabi_d2f
 .text          0x000039c4      0x21c c:/siliconlabs/simplicitystudio/v3/developer/toolchains/gnu_arm/4.8_2013q4/bin/../lib/gcc/arm-none-eabi/4.8.3/armv7-m\libgcc.a(_arm_addsubsf3.o)
                0x000039c4                __aeabi_frsub
                0x000039cc                __subsf3
                0x000039cc                __aeabi_fsub
                0x000039d0                __aeabi_fadd
                0x000039d0                __addsf3
                0x00003b30                __aeabi_ui2f
                0x00003b30                __floatunsisf
                0x00003b38                __aeabi_i2f
                0x00003b38                __floatsisf
                0x00003b54                __aeabi_ul2f
                0x00003b54                __floatundisf
                0x00003b64                __aeabi_l2f
                0x00003b64                __floatdisf
 .text          0x00003be0      0x2a0 c:/siliconlabs/simplicitystudio/v3/developer/toolchains/gnu_arm/4.8_2013q4/bin/../lib/gcc/arm-none-eabi/4.8.3/armv7-m\libgcc.a(_arm_muldivsf3.o)
                0x00003be0                __mulsf3
                0x00003be0                __aeabi_fmul
                0x00003d48                __aeabi_fdiv
                0x00003d48                __divsf3
 .text          0x00003e80       0xec c:/siliconlabs/simplicitystudio/v3/developer/toolchains/gnu_arm/4.8_2013q4/bin/../lib/gcc/arm-none-eabi/4.8.3/armv7-m\libgcc.a(_arm_cmpsf2.o)
                0x00003e80                __gesf2
                0x00003e80                __gtsf2
                0x00003e88                __lesf2
                0x00003e88                __ltsf2
                0x00003e90                __nesf2
                0x00003e90                __eqsf2
                0x00003e90                __cmpsf2
                0x00003ef0                __aeabi_cfrcmple
                0x00003ef8                __aeabi_cfcmpeq
                0x00003ef8                __aeabi_cfcmple
                0x00003f08                __aeabi_fcmpeq
                0x00003f1c                __aeabi_fcmplt
                0x00003f30                __aeabi_fcmple
                0x00003f44                __aeabi_fcmpge
                0x00003f58                __aeabi_fcmpgt
 .text          0x00003f6c       0x4c c:/siliconlabs/simplicitystudio/v3/developer/toolchains/gnu_arm/4.8_2013q4/bin/../lib/gcc/arm-none-eabi/4.8.3/armv7-m\libgcc.a(_arm_fixsfsi.o)
                0x00003f6c                __aeabi_f2iz
                0x00003f6c                __fixsfsi
 .text          0x00003fb8       0x40 c:/siliconlabs/simplicitystudio/v3/developer/toolchains/gnu_arm/4.8_2013q4/bin/../lib/gcc/arm-none-eabi/4.8.3/armv7-m\libgcc.a(_arm_fixunssfsi.o)
                0x00003fb8                __fixunssfsi
                0x00003fb8                __aeabi_f2uiz
 .text.exit     0x00003ff8       0x28 c:/siliconlabs/simplicitystudio/v3/developer/toolchains/gnu_arm/4.8_2013q4/bin/../lib/gcc/arm-none-eabi/4.8.3/../../../../arm-none-eabi/lib/armv7-m\libc_s.a(lib_a-exit.o)
                0x00003ff8                exit
 .text.__libc_init_array
                0x00004020       0x4c c:/siliconlabs/simplicitystudio/v3/developer/toolchains/gnu_arm/4.8_2013q4/bin/../lib/gcc/arm-none-eabi/4.8.3/../../../../arm-none-eabi/lib/armv7-m\libc_s.a(lib_a-init.o)
                0x00004020                __libc_init_array
 .text.memset   0x0000406c       0x10 c:/siliconlabs/simplicitystudio/v3/developer/toolchains/gnu_arm/4.8_2013q4/bin/../lib/gcc/arm-none-eabi/4.8.3/../../../../arm-none-eabi/lib/armv7-m\libc_s.a(lib_a-memset.o)
                0x0000406c                memset
 .text._exit    0x0000407c        0x4 c:/siliconlabs/simplicitystudio/v3/developer/toolchains/gnu_arm/4.8_2013q4/bin/../lib/gcc/arm-none-eabi/4.8.3/../../../../arm-none-eabi/lib/armv7-m\libnosys.a(_exit.o)
                0x0000407c                _exit
 *(.init)
 .init          0x00004080        0x4 c:/siliconlabs/simplicitystudio/v3/developer/toolchains/gnu_arm/4.8_2013q4/bin/../lib/gcc/arm-none-eabi/4.8.3/armv7-m/crti.o
                0x00004080                _init
 .init          0x00004084        0x8 c:/siliconlabs/simplicitystudio/v3/developer/toolchains/gnu_arm/4.8_2013q4/bin/../lib/gcc/arm-none-eabi/4.8.3/armv7-m/crtn.o
 *(.fini)
 .fini          0x0000408c        0x4 c:/siliconlabs/simplicitystudio/v3/developer/toolchains/gnu_arm/4.8_2013q4/bin/../lib/gcc/arm-none-eabi/4.8.3/armv7-m/crti.o
                0x0000408c                _fini
 .fini          0x00004090        0x8 c:/siliconlabs/simplicitystudio/v3/developer/toolchains/gnu_arm/4.8_2013q4/bin/../lib/gcc/arm-none-eabi/4.8.3/armv7-m/crtn.o
 *crtbegin.o(.ctors)
 *crtbegin?.o(.ctors)
 *(EXCLUDE_FILE(*crtend.o *crtend?.o) .ctors)
 *(SORT(.ctors.*))
 *(.ctors)
 *crtbegin.o(.dtors)
 *crtbegin?.o(.dtors)
 *(EXCLUDE_FILE(*crtend.o *crtend?.o) .dtors)
 *(SORT(.dtors.*))
 *(.dtors)
 *(.rodata*)
 .rodata        0x00004098       0x1c ./src/main.o
 .rodata.i2cNSum
                0x000040b4        0x4 ./emlib/em_i2c.o
 .rodata.str1.1
                0x000040b8        0x2 c:/siliconlabs/simplicitystudio/v3/developer/toolchains/gnu_arm/4.8_2013q4/bin/../lib/gcc/arm-none-eabi/4.8.3/../../../../arm-none-eabi/lib/armv7-m\libc_s.a(lib_a-impure.o)
 *fill*         0x000040ba        0x2 
 .rodata._global_impure_ptr
                0x000040bc        0x4 c:/siliconlabs/simplicitystudio/v3/developer/toolchains/gnu_arm/4.8_2013q4/bin/../lib/gcc/arm-none-eabi/4.8.3/../../../../arm-none-eabi/lib/armv7-m\libc_s.a(lib_a-impure.o)
                0x000040bc                _global_impure_ptr
 *(.eh_frame*)
 .eh_frame      0x000040c0        0x0 c:/siliconlabs/simplicitystudio/v3/developer/toolchains/gnu_arm/4.8_2013q4/bin/../lib/gcc/arm-none-eabi/4.8.3/armv7-m/crtbegin.o
 .eh_frame      0x000040c0        0x4 c:/siliconlabs/simplicitystudio/v3/developer/toolchains/gnu_arm/4.8_2013q4/bin/../lib/gcc/arm-none-eabi/4.8.3/armv7-m/crtend.o

.glue_7         0x000040c4        0x0
 .glue_7        0x00000000        0x0 linker stubs

.glue_7t        0x000040c4        0x0
 .glue_7t       0x00000000        0x0 linker stubs

.vfp11_veneer   0x000040c4        0x0
 .vfp11_veneer  0x00000000        0x0 linker stubs

.v4_bx          0x000040c4        0x0
 .v4_bx         0x00000000        0x0 linker stubs

.iplt           0x000040c4        0x0
 .iplt          0x00000000        0x0 c:/siliconlabs/simplicitystudio/v3/developer/toolchains/gnu_arm/4.8_2013q4/bin/../lib/gcc/arm-none-eabi/4.8.3/armv7-m/crtbegin.o

.ARM.extab
 *(.ARM.extab* .gnu.linkonce.armextab.*)
                0x000040c4                __exidx_start = .

.ARM.exidx      0x000040c4        0x8
 *(.ARM.exidx* .gnu.linkonce.armexidx.*)
 .ARM.exidx     0x000040c4        0x8 c:/siliconlabs/simplicitystudio/v3/developer/toolchains/gnu_arm/4.8_2013q4/bin/../lib/gcc/arm-none-eabi/4.8.3/../../../../arm-none-eabi/lib/armv7-m/crt0.o
                0x000040cc                __exidx_end = .
                0x000040cc                __etext = .

.rel.dyn        0x000040cc        0x0
 .rel.iplt      0x00000000        0x0 c:/siliconlabs/simplicitystudio/v3/developer/toolchains/gnu_arm/4.8_2013q4/bin/../lib/gcc/arm-none-eabi/4.8.3/armv7-m/crtbegin.o

.data           0x20000000       0x7c load address 0x000040cc
                0x20000000                __data_start__ = .
 *(vtable)
 *(.data*)
 .data.ratio    0x20000000        0x8 ./src/main.o
                0x20000000                ratio
 .data.SystemHFXOClock
                0x20000008        0x4 ./CMSIS/efm32lg/system_efm32lg.o
 .data.SystemLFXOClock
                0x2000000c        0x4 ./CMSIS/efm32lg/system_efm32lg.o
 .data.impure_data
                0x20000010       0x60 c:/siliconlabs/simplicitystudio/v3/developer/toolchains/gnu_arm/4.8_2013q4/bin/../lib/gcc/arm-none-eabi/4.8.3/../../../../arm-none-eabi/lib/armv7-m\libc_s.a(lib_a-impure.o)
                0x20000070                . = ALIGN (0x4)
 *(.ram)
                0x20000070                . = ALIGN (0x4)
                0x20000070                PROVIDE (__preinit_array_start, .)
 *(.preinit_array)
                0x20000070                PROVIDE (__preinit_array_end, .)
                0x20000070                . = ALIGN (0x4)
                0x20000070                PROVIDE (__init_array_start, .)
 *(SORT(.init_array.*))
 *(.init_array)
 .init_array    0x20000070        0x4 c:/siliconlabs/simplicitystudio/v3/developer/toolchains/gnu_arm/4.8_2013q4/bin/../lib/gcc/arm-none-eabi/4.8.3/armv7-m/crtbegin.o
                0x20000074                PROVIDE (__init_array_end, .)
                0x20000074                . = ALIGN (0x4)
                0x20000074                PROVIDE (__fini_array_start, .)
 *(SORT(.fini_array.*))
 *(.fini_array)
 .fini_array    0x20000074        0x4 c:/siliconlabs/simplicitystudio/v3/developer/toolchains/gnu_arm/4.8_2013q4/bin/../lib/gcc/arm-none-eabi/4.8.3/armv7-m/crtbegin.o
                0x20000078                PROVIDE (__fini_array_end, .)
 *(.jcr*)
 .jcr           0x20000078        0x0 c:/siliconlabs/simplicitystudio/v3/developer/toolchains/gnu_arm/4.8_2013q4/bin/../lib/gcc/arm-none-eabi/4.8.3/armv7-m/crtbegin.o
 .jcr           0x20000078        0x4 c:/siliconlabs/simplicitystudio/v3/developer/toolchains/gnu_arm/4.8_2013q4/bin/../lib/gcc/arm-none-eabi/4.8.3/armv7-m/crtend.o
                0x2000007c                . = ALIGN (0x4)
                0x2000007c                __data_end__ = .

.igot.plt       0x2000007c        0x0 load address 0x00004148
 .igot.plt      0x00000000        0x0 c:/siliconlabs/simplicitystudio/v3/developer/toolchains/gnu_arm/4.8_2013q4/bin/../lib/gcc/arm-none-eabi/4.8.3/armv7-m/crtbegin.o

.bss            0x20000100      0x604 load address 0x00004200
                0x20000100                . = ALIGN (0x4)
                0x20000100                __bss_start__ = .
 *(.bss*)
 .bss           0x20000100       0x1c c:/siliconlabs/simplicitystudio/v3/developer/toolchains/gnu_arm/4.8_2013q4/bin/../lib/gcc/arm-none-eabi/4.8.3/armv7-m/crtbegin.o
 .bss.Count_LE  0x2000011c        0x4 ./src/main.o
                0x2000011c                Count_LE
 .bss.cmuStatus
                0x20000120        0x4 ./emlib/em_emu.o
 .bss.INT_LockCnt
                0x20000124        0x4 ./emlib/em_int.o
                0x20000124                INT_LockCnt
 *(COMMON)
 COMMON         0x20000128      0x350 ./src/main.o
                0x20000128                Samples_Count
                0x2000012c                b
                0x20000130                cb
                0x2000013c                temp
                0x20000140                Average
                0x20000144                ramBufferAdcData
                0x20000464                Sum
                0x20000468                sleep_block_counter
 *fill*         0x20000478       0x88 
 COMMON         0x20000500      0x200 ./emlib/dmactrl.o
                0x20000500                dmaControlBlock
 COMMON         0x20000700        0x4 ./CMSIS/efm32lg/system_efm32lg.o
                0x20000700                SystemCoreClock
                0x20000704                . = ALIGN (0x4)
                0x20000704                __bss_end__ = .

.heap           0x20000708      0xc00
                0x20000708                __HeapBase = .
                0x20000708                __end__ = .
                0x20000708                end = __end__
                0x20000708                _end = __end__
 *(.heap*)
 .heap          0x20000708      0xc00 ./CMSIS/efm32lg/startup_gcc_efm32lg.o
                0x20001308                __HeapLimit = .

.stack_dummy    0x20000708      0x400
 *(.stack*)
 .stack         0x20000708      0x400 ./CMSIS/efm32lg/startup_gcc_efm32lg.o
                0x20008000                __StackTop = (ORIGIN (RAM) + 0x8000)
                0x20007c00                __StackLimit = (__StackTop - SIZEOF (.stack_dummy))
                0x20008000                PROVIDE (__stack, __StackTop)
                0x00000001                ASSERT ((__StackLimit >= __HeapLimit), region RAM overflowed with stack)
                0x00000001                ASSERT ((0x40000 >= (__etext + SIZEOF (.data))), FLASH memory overflowed !)
OUTPUT(Assignment4.axf elf32-littlearm)

.ARM.attributes
                0x00000000       0x29
 .ARM.attributes
                0x00000000       0x1d c:/siliconlabs/simplicitystudio/v3/developer/toolchains/gnu_arm/4.8_2013q4/bin/../lib/gcc/arm-none-eabi/4.8.3/armv7-m/crti.o
 .ARM.attributes
                0x0000001d       0x2d c:/siliconlabs/simplicitystudio/v3/developer/toolchains/gnu_arm/4.8_2013q4/bin/../lib/gcc/arm-none-eabi/4.8.3/armv7-m/crtbegin.o
 .ARM.attributes
                0x0000004a       0x1b c:/siliconlabs/simplicitystudio/v3/developer/toolchains/gnu_arm/4.8_2013q4/bin/../lib/gcc/arm-none-eabi/4.8.3/../../../../arm-none-eabi/lib/armv7-m/crt0.o
 .ARM.attributes
                0x00000065       0x33 ./src/main.o
 .ARM.attributes
                0x00000098       0x33 ./emlib/dmactrl.o
 .ARM.attributes
                0x000000cb       0x33 ./emlib/em_adc.o
 .ARM.attributes
                0x000000fe       0x33 ./emlib/em_cmu.o
 .ARM.attributes
                0x00000131       0x33 ./emlib/em_dma.o
 .ARM.attributes
                0x00000164       0x33 ./emlib/em_emu.o
 .ARM.attributes
                0x00000197       0x33 ./emlib/em_gpio.o
 .ARM.attributes
                0x000001ca       0x33 ./emlib/em_i2c.o
 .ARM.attributes
                0x000001fd       0x33 ./emlib/em_int.o
 .ARM.attributes
                0x00000230       0x33 ./emlib/em_letimer.o
 .ARM.attributes
                0x00000263       0x33 ./emlib/em_system.o
 .ARM.attributes
                0x00000296       0x33 ./emlib/em_timer.o
 .ARM.attributes
                0x000002c9       0x1b ./CMSIS/efm32lg/startup_gcc_efm32lg.o
 .ARM.attributes
                0x000002e4       0x33 ./CMSIS/efm32lg/system_efm32lg.o
 .ARM.attributes
                0x00000317       0x1d c:/siliconlabs/simplicitystudio/v3/developer/toolchains/gnu_arm/4.8_2013q4/bin/../lib/gcc/arm-none-eabi/4.8.3/armv7-m\libgcc.a(_arm_addsubdf3.o)
 .ARM.attributes
                0x00000334       0x1d c:/siliconlabs/simplicitystudio/v3/developer/toolchains/gnu_arm/4.8_2013q4/bin/../lib/gcc/arm-none-eabi/4.8.3/armv7-m\libgcc.a(_arm_muldivdf3.o)
 .ARM.attributes
                0x00000351       0x1d c:/siliconlabs/simplicitystudio/v3/developer/toolchains/gnu_arm/4.8_2013q4/bin/../lib/gcc/arm-none-eabi/4.8.3/armv7-m\libgcc.a(_arm_fixunsdfsi.o)
 .ARM.attributes
                0x0000036e       0x1d c:/siliconlabs/simplicitystudio/v3/developer/toolchains/gnu_arm/4.8_2013q4/bin/../lib/gcc/arm-none-eabi/4.8.3/armv7-m\libgcc.a(_arm_truncdfsf2.o)
 .ARM.attributes
                0x0000038b       0x1d c:/siliconlabs/simplicitystudio/v3/developer/toolchains/gnu_arm/4.8_2013q4/bin/../lib/gcc/arm-none-eabi/4.8.3/armv7-m\libgcc.a(_arm_addsubsf3.o)
 .ARM.attributes
                0x000003a8       0x1d c:/siliconlabs/simplicitystudio/v3/developer/toolchains/gnu_arm/4.8_2013q4/bin/../lib/gcc/arm-none-eabi/4.8.3/armv7-m\libgcc.a(_arm_muldivsf3.o)
 .ARM.attributes
                0x000003c5       0x1d c:/siliconlabs/simplicitystudio/v3/developer/toolchains/gnu_arm/4.8_2013q4/bin/../lib/gcc/arm-none-eabi/4.8.3/armv7-m\libgcc.a(_arm_cmpsf2.o)
 .ARM.attributes
                0x000003e2       0x1d c:/siliconlabs/simplicitystudio/v3/developer/toolchains/gnu_arm/4.8_2013q4/bin/../lib/gcc/arm-none-eabi/4.8.3/armv7-m\libgcc.a(_arm_fixsfsi.o)
 .ARM.attributes
                0x000003ff       0x1d c:/siliconlabs/simplicitystudio/v3/developer/toolchains/gnu_arm/4.8_2013q4/bin/../lib/gcc/arm-none-eabi/4.8.3/armv7-m\libgcc.a(_arm_fixunssfsi.o)
 .ARM.attributes
                0x0000041c       0x2d c:/siliconlabs/simplicitystudio/v3/developer/toolchains/gnu_arm/4.8_2013q4/bin/../lib/gcc/arm-none-eabi/4.8.3/../../../../arm-none-eabi/lib/armv7-m\libc_s.a(lib_a-exit.o)
 .ARM.attributes
                0x00000449       0x2d c:/siliconlabs/simplicitystudio/v3/developer/toolchains/gnu_arm/4.8_2013q4/bin/../lib/gcc/arm-none-eabi/4.8.3/../../../../arm-none-eabi/lib/armv7-m\libc_s.a(lib_a-impure.o)
 .ARM.attributes
                0x00000476       0x2d c:/siliconlabs/simplicitystudio/v3/developer/toolchains/gnu_arm/4.8_2013q4/bin/../lib/gcc/arm-none-eabi/4.8.3/../../../../arm-none-eabi/lib/armv7-m\libc_s.a(lib_a-init.o)
 .ARM.attributes
                0x000004a3       0x2d c:/siliconlabs/simplicitystudio/v3/developer/toolchains/gnu_arm/4.8_2013q4/bin/../lib/gcc/arm-none-eabi/4.8.3/../../../../arm-none-eabi/lib/armv7-m\libc_s.a(lib_a-memset.o)
 .ARM.attributes
                0x000004d0       0x2d c:/siliconlabs/simplicitystudio/v3/developer/toolchains/gnu_arm/4.8_2013q4/bin/../lib/gcc/arm-none-eabi/4.8.3/../../../../arm-none-eabi/lib/armv7-m\libnosys.a(_exit.o)
 .ARM.attributes
                0x000004fd       0x2d c:/siliconlabs/simplicitystudio/v3/developer/toolchains/gnu_arm/4.8_2013q4/bin/../lib/gcc/arm-none-eabi/4.8.3/armv7-m/crtend.o
 .ARM.attributes
                0x0000052a       0x1d c:/siliconlabs/simplicitystudio/v3/developer/toolchains/gnu_arm/4.8_2013q4/bin/../lib/gcc/arm-none-eabi/4.8.3/armv7-m/crtn.o

.comment        0x00000000       0x70
 .comment       0x00000000       0x70 ./src/main.o
                                 0x71 (size before relaxing)
 .comment       0x00000000       0x71 ./emlib/dmactrl.o
 .comment       0x00000000       0x71 ./emlib/em_adc.o
 .comment       0x00000000       0x71 ./emlib/em_cmu.o
 .comment       0x00000000       0x71 ./emlib/em_dma.o
 .comment       0x00000000       0x71 ./emlib/em_emu.o
 .comment       0x00000000       0x71 ./emlib/em_gpio.o
 .comment       0x00000000       0x71 ./emlib/em_i2c.o
 .comment       0x00000000       0x71 ./emlib/em_int.o
 .comment       0x00000000       0x71 ./emlib/em_letimer.o
 .comment       0x00000000       0x71 ./emlib/em_system.o
 .comment       0x00000000       0x71 ./emlib/em_timer.o
 .comment       0x00000000       0x71 ./CMSIS/efm32lg/system_efm32lg.o

.debug_info     0x00000000     0x89a6
 .debug_info    0x00000000     0x250b ./src/main.o
 .debug_info    0x0000250b      0x113 ./emlib/dmactrl.o
 .debug_info    0x0000261e      0xa70 ./emlib/em_adc.o
 .debug_info    0x0000308e     0x1390 ./emlib/em_cmu.o
 .debug_info    0x0000441e     0x12bd ./emlib/em_dma.o
 .debug_info    0x000056db      0xd80 ./emlib/em_emu.o
 .debug_info    0x0000645b      0x648 ./emlib/em_gpio.o
 .debug_info    0x00006aa3      0x841 ./emlib/em_i2c.o
 .debug_info    0x000072e4       0xa6 ./emlib/em_int.o
 .debug_info    0x0000738a      0x502 ./emlib/em_letimer.o
 .debug_info    0x0000788c      0x245 ./emlib/em_system.o
 .debug_info    0x00007ad1      0x8cd ./emlib/em_timer.o
 .debug_info    0x0000839e       0xa7 ./CMSIS/efm32lg/startup_gcc_efm32lg.o
 .debug_info    0x00008445      0x561 ./CMSIS/efm32lg/system_efm32lg.o

.debug_abbrev   0x00000000     0x177b
 .debug_abbrev  0x00000000      0x387 ./src/main.o
 .debug_abbrev  0x00000387       0x98 ./emlib/dmactrl.o
 .debug_abbrev  0x0000041f      0x1b0 ./emlib/em_adc.o
 .debug_abbrev  0x000005cf      0x2f8 ./emlib/em_cmu.o
 .debug_abbrev  0x000008c7      0x23b ./emlib/em_dma.o
 .debug_abbrev  0x00000b02      0x254 ./emlib/em_emu.o
 .debug_abbrev  0x00000d56      0x1cf ./emlib/em_gpio.o
 .debug_abbrev  0x00000f25      0x24c ./emlib/em_i2c.o
 .debug_abbrev  0x00001171       0x5c ./emlib/em_int.o
 .debug_abbrev  0x000011cd      0x1a3 ./emlib/em_letimer.o
 .debug_abbrev  0x00001370       0xef ./emlib/em_system.o
 .debug_abbrev  0x0000145f      0x19b ./emlib/em_timer.o
 .debug_abbrev  0x000015fa       0x14 ./CMSIS/efm32lg/startup_gcc_efm32lg.o
 .debug_abbrev  0x0000160e      0x16d ./CMSIS/efm32lg/system_efm32lg.o

.debug_loc      0x00000000     0x23c2
 .debug_loc     0x00000000      0x6f2 ./src/main.o
 .debug_loc     0x000006f2      0x188 ./emlib/em_adc.o
 .debug_loc     0x0000087a      0x8d0 ./emlib/em_cmu.o
 .debug_loc     0x0000114a      0x498 ./emlib/em_dma.o
 .debug_loc     0x000015e2      0x3b4 ./emlib/em_emu.o
 .debug_loc     0x00001996      0x268 ./emlib/em_gpio.o
 .debug_loc     0x00001bfe      0x1f8 ./emlib/em_i2c.o
 .debug_loc     0x00001df6      0x1c0 ./emlib/em_letimer.o
 .debug_loc     0x00001fb6       0x70 ./emlib/em_system.o
 .debug_loc     0x00002026      0x188 ./emlib/em_timer.o
 .debug_loc     0x000021ae      0x214 ./CMSIS/efm32lg/system_efm32lg.o

.debug_aranges  0x00000000      0x6a0
 .debug_aranges
                0x00000000      0x120 ./src/main.o
 .debug_aranges
                0x00000120       0x18 ./emlib/dmactrl.o
 .debug_aranges
                0x00000138       0x50 ./emlib/em_adc.o
 .debug_aranges
                0x00000188      0x168 ./emlib/em_cmu.o
 .debug_aranges
                0x000002f0       0xc0 ./emlib/em_dma.o
 .debug_aranges
                0x000003b0       0xa8 ./emlib/em_emu.o
 .debug_aranges
                0x00000458       0x70 ./emlib/em_gpio.o
 .debug_aranges
                0x000004c8       0x60 ./emlib/em_i2c.o
 .debug_aranges
                0x00000528       0x18 ./emlib/em_int.o
 .debug_aranges
                0x00000540       0x58 ./emlib/em_letimer.o
 .debug_aranges
                0x00000598       0x28 ./emlib/em_system.o
 .debug_aranges
                0x000005c0       0x50 ./emlib/em_timer.o
 .debug_aranges
                0x00000610       0x20 ./CMSIS/efm32lg/startup_gcc_efm32lg.o
 .debug_aranges
                0x00000630       0x70 ./CMSIS/efm32lg/system_efm32lg.o

.debug_ranges   0x00000000      0x5a0
 .debug_ranges  0x00000000      0x110 ./src/main.o
 .debug_ranges  0x00000110       0x40 ./emlib/em_adc.o
 .debug_ranges  0x00000150      0x158 ./emlib/em_cmu.o
 .debug_ranges  0x000002a8       0xb0 ./emlib/em_dma.o
 .debug_ranges  0x00000358       0x98 ./emlib/em_emu.o
 .debug_ranges  0x000003f0       0x60 ./emlib/em_gpio.o
 .debug_ranges  0x00000450       0x50 ./emlib/em_i2c.o
 .debug_ranges  0x000004a0       0x48 ./emlib/em_letimer.o
 .debug_ranges  0x000004e8       0x18 ./emlib/em_system.o
 .debug_ranges  0x00000500       0x40 ./emlib/em_timer.o
 .debug_ranges  0x00000540       0x60 ./CMSIS/efm32lg/system_efm32lg.o

.debug_line     0x00000000     0x33a7
 .debug_line    0x00000000      0x879 ./src/main.o
 .debug_line    0x00000879      0x171 ./emlib/dmactrl.o
 .debug_line    0x000009ea      0x2ec ./emlib/em_adc.o
 .debug_line    0x00000cd6      0x930 ./emlib/em_cmu.o
 .debug_line    0x00001606      0x4bc ./emlib/em_dma.o
 .debug_line    0x00001ac2      0x47d ./emlib/em_emu.o
 .debug_line    0x00001f3f      0x348 ./emlib/em_gpio.o
 .debug_line    0x00002287      0x3b3 ./emlib/em_i2c.o
 .debug_line    0x0000263a       0xf6 ./emlib/em_int.o
 .debug_line    0x00002730      0x2d7 ./emlib/em_letimer.o
 .debug_line    0x00002a07      0x213 ./emlib/em_system.o
 .debug_line    0x00002c1a      0x4a3 ./emlib/em_timer.o
 .debug_line    0x000030bd       0x72 ./CMSIS/efm32lg/startup_gcc_efm32lg.o
 .debug_line    0x0000312f      0x278 ./CMSIS/efm32lg/system_efm32lg.o

.debug_str      0x00000000     0x3b65
 .debug_str     0x00000000     0x1f51 ./src/main.o
                               0x2035 (size before relaxing)
 .debug_str     0x00001f51       0x13 ./emlib/dmactrl.o
                                0x226 (size before relaxing)
 .debug_str     0x00001f64       0xc2 ./emlib/em_adc.o
                                0xbc7 (size before relaxing)
 .debug_str     0x00002026      0x8a1 ./emlib/em_cmu.o
                                0xfaa (size before relaxing)
 .debug_str     0x000028c7      0x3c0 ./emlib/em_dma.o
                                0xd66 (size before relaxing)
 .debug_str     0x00002c87      0x41f ./emlib/em_emu.o
                                0x83a (size before relaxing)
 .debug_str     0x000030a6      0x14c ./emlib/em_gpio.o
                                0x5f2 (size before relaxing)
 .debug_str     0x000031f2      0x288 ./emlib/em_i2c.o
                                0x7e9 (size before relaxing)
 .debug_str     0x0000347a       0x12 ./emlib/em_int.o
                                0x1f2 (size before relaxing)
 .debug_str     0x0000348c       0xb3 ./emlib/em_letimer.o
                                0x434 (size before relaxing)
 .debug_str     0x0000353f       0x7b ./emlib/em_system.o
                                0x2c4 (size before relaxing)
 .debug_str     0x000035ba      0x49f ./emlib/em_timer.o
                                0x97a (size before relaxing)
 .debug_str     0x00003a59      0x10c ./CMSIS/efm32lg/system_efm32lg.o
                                0x4a1 (size before relaxing)

.debug_frame    0x00000000     0x1490
 .debug_frame   0x00000000      0x3e8 ./src/main.o
 .debug_frame   0x000003e8       0xec ./emlib/em_adc.o
 .debug_frame   0x000004d4      0x4dc ./emlib/em_cmu.o
 .debug_frame   0x000009b0      0x27c ./emlib/em_dma.o
 .debug_frame   0x00000c2c      0x210 ./emlib/em_emu.o
 .debug_frame   0x00000e3c      0x154 ./emlib/em_gpio.o
 .debug_frame   0x00000f90      0x120 ./emlib/em_i2c.o
 .debug_frame   0x000010b0       0xf4 ./emlib/em_letimer.o
 .debug_frame   0x000011a4       0x48 ./emlib/em_system.o
 .debug_frame   0x000011ec       0xd8 ./emlib/em_timer.o
 .debug_frame   0x000012c4      0x138 ./CMSIS/efm32lg/system_efm32lg.o
 .debug_frame   0x000013fc       0x28 c:/siliconlabs/simplicitystudio/v3/developer/toolchains/gnu_arm/4.8_2013q4/bin/../lib/gcc/arm-none-eabi/4.8.3/../../../../arm-none-eabi/lib/armv7-m\libc_s.a(lib_a-exit.o)
 .debug_frame   0x00001424       0x2c c:/siliconlabs/simplicitystudio/v3/developer/toolchains/gnu_arm/4.8_2013q4/bin/../lib/gcc/arm-none-eabi/4.8.3/../../../../arm-none-eabi/lib/armv7-m\libc_s.a(lib_a-init.o)
 .debug_frame   0x00001450       0x20 c:/siliconlabs/simplicitystudio/v3/developer/toolchains/gnu_arm/4.8_2013q4/bin/../lib/gcc/arm-none-eabi/4.8.3/../../../../arm-none-eabi/lib/armv7-m\libc_s.a(lib_a-memset.o)
 .debug_frame   0x00001470       0x20 c:/siliconlabs/simplicitystudio/v3/developer/toolchains/gnu_arm/4.8_2013q4/bin/../lib/gcc/arm-none-eabi/4.8.3/../../../../arm-none-eabi/lib/armv7-m\libnosys.a(_exit.o)
